Archive member included to satisfy reference by file (symbol)

d:/program files/stm32cubeide_1.2.0/stm32cubeide/plugins/com.st.stm32cube.ide.mcu.externaltools.gnu-tools-for-stm32.7-2018-q2-update.win32_1.0.0.201904181610/tools/bin/../lib/gcc/arm-none-eabi/7.3.1/../../../../arm-none-eabi/lib/thumb/v7e-m/fpv4-sp/hard\libc_nano.a(lib_a-errno.o)
                              Core/Src/syscalls.o (__errno)
d:/program files/stm32cubeide_1.2.0/stm32cubeide/plugins/com.st.stm32cube.ide.mcu.externaltools.gnu-tools-for-stm32.7-2018-q2-update.win32_1.0.0.201904181610/tools/bin/../lib/gcc/arm-none-eabi/7.3.1/../../../../arm-none-eabi/lib/thumb/v7e-m/fpv4-sp/hard\libc_nano.a(lib_a-exit.o)
                              d:/program files/stm32cubeide_1.2.0/stm32cubeide/plugins/com.st.stm32cube.ide.mcu.externaltools.gnu-tools-for-stm32.7-2018-q2-update.win32_1.0.0.201904181610/tools/bin/../lib/gcc/arm-none-eabi/7.3.1/../../../../arm-none-eabi/lib/thumb/v7e-m/fpv4-sp/hard/crt0.o (exit)
d:/program files/stm32cubeide_1.2.0/stm32cubeide/plugins/com.st.stm32cube.ide.mcu.externaltools.gnu-tools-for-stm32.7-2018-q2-update.win32_1.0.0.201904181610/tools/bin/../lib/gcc/arm-none-eabi/7.3.1/../../../../arm-none-eabi/lib/thumb/v7e-m/fpv4-sp/hard\libc_nano.a(lib_a-impure.o)
                              d:/program files/stm32cubeide_1.2.0/stm32cubeide/plugins/com.st.stm32cube.ide.mcu.externaltools.gnu-tools-for-stm32.7-2018-q2-update.win32_1.0.0.201904181610/tools/bin/../lib/gcc/arm-none-eabi/7.3.1/../../../../arm-none-eabi/lib/thumb/v7e-m/fpv4-sp/hard\libc_nano.a(lib_a-exit.o) (_global_impure_ptr)
d:/program files/stm32cubeide_1.2.0/stm32cubeide/plugins/com.st.stm32cube.ide.mcu.externaltools.gnu-tools-for-stm32.7-2018-q2-update.win32_1.0.0.201904181610/tools/bin/../lib/gcc/arm-none-eabi/7.3.1/../../../../arm-none-eabi/lib/thumb/v7e-m/fpv4-sp/hard\libc_nano.a(lib_a-init.o)
                              d:/program files/stm32cubeide_1.2.0/stm32cubeide/plugins/com.st.stm32cube.ide.mcu.externaltools.gnu-tools-for-stm32.7-2018-q2-update.win32_1.0.0.201904181610/tools/bin/../lib/gcc/arm-none-eabi/7.3.1/../../../../arm-none-eabi/lib/thumb/v7e-m/fpv4-sp/hard/crt0.o (__libc_init_array)
d:/program files/stm32cubeide_1.2.0/stm32cubeide/plugins/com.st.stm32cube.ide.mcu.externaltools.gnu-tools-for-stm32.7-2018-q2-update.win32_1.0.0.201904181610/tools/bin/../lib/gcc/arm-none-eabi/7.3.1/../../../../arm-none-eabi/lib/thumb/v7e-m/fpv4-sp/hard\libc_nano.a(lib_a-memset.o)
                              d:/program files/stm32cubeide_1.2.0/stm32cubeide/plugins/com.st.stm32cube.ide.mcu.externaltools.gnu-tools-for-stm32.7-2018-q2-update.win32_1.0.0.201904181610/tools/bin/../lib/gcc/arm-none-eabi/7.3.1/../../../../arm-none-eabi/lib/thumb/v7e-m/fpv4-sp/hard/crt0.o (memset)
d:/program files/stm32cubeide_1.2.0/stm32cubeide/plugins/com.st.stm32cube.ide.mcu.externaltools.gnu-tools-for-stm32.7-2018-q2-update.win32_1.0.0.201904181610/tools/bin/../lib/gcc/arm-none-eabi/7.3.1/../../../../arm-none-eabi/lib/thumb/v7e-m/fpv4-sp/hard\libc_nano.a(lib_a-snprintf.o)
                              Core/Src/main.o (snprintf)
d:/program files/stm32cubeide_1.2.0/stm32cubeide/plugins/com.st.stm32cube.ide.mcu.externaltools.gnu-tools-for-stm32.7-2018-q2-update.win32_1.0.0.201904181610/tools/bin/../lib/gcc/arm-none-eabi/7.3.1/../../../../arm-none-eabi/lib/thumb/v7e-m/fpv4-sp/hard\libc_nano.a(lib_a-strlen.o)
                              Core/Src/main.o (strlen)
d:/program files/stm32cubeide_1.2.0/stm32cubeide/plugins/com.st.stm32cube.ide.mcu.externaltools.gnu-tools-for-stm32.7-2018-q2-update.win32_1.0.0.201904181610/tools/bin/../lib/gcc/arm-none-eabi/7.3.1/../../../../arm-none-eabi/lib/thumb/v7e-m/fpv4-sp/hard\libc_nano.a(lib_a-nano-svfprintf.o)
                              d:/program files/stm32cubeide_1.2.0/stm32cubeide/plugins/com.st.stm32cube.ide.mcu.externaltools.gnu-tools-for-stm32.7-2018-q2-update.win32_1.0.0.201904181610/tools/bin/../lib/gcc/arm-none-eabi/7.3.1/../../../../arm-none-eabi/lib/thumb/v7e-m/fpv4-sp/hard\libc_nano.a(lib_a-snprintf.o) (_svfprintf_r)
d:/program files/stm32cubeide_1.2.0/stm32cubeide/plugins/com.st.stm32cube.ide.mcu.externaltools.gnu-tools-for-stm32.7-2018-q2-update.win32_1.0.0.201904181610/tools/bin/../lib/gcc/arm-none-eabi/7.3.1/../../../../arm-none-eabi/lib/thumb/v7e-m/fpv4-sp/hard\libc_nano.a(lib_a-nano-vfprintf_i.o)
                              d:/program files/stm32cubeide_1.2.0/stm32cubeide/plugins/com.st.stm32cube.ide.mcu.externaltools.gnu-tools-for-stm32.7-2018-q2-update.win32_1.0.0.201904181610/tools/bin/../lib/gcc/arm-none-eabi/7.3.1/../../../../arm-none-eabi/lib/thumb/v7e-m/fpv4-sp/hard\libc_nano.a(lib_a-nano-svfprintf.o) (_printf_i)
d:/program files/stm32cubeide_1.2.0/stm32cubeide/plugins/com.st.stm32cube.ide.mcu.externaltools.gnu-tools-for-stm32.7-2018-q2-update.win32_1.0.0.201904181610/tools/bin/../lib/gcc/arm-none-eabi/7.3.1/../../../../arm-none-eabi/lib/thumb/v7e-m/fpv4-sp/hard\libc_nano.a(lib_a-memchr.o)
[...]
Memory Configuration

Name             Origin             Length             Attributes
RAM              0x0000000020000000 0x000000000000a000 xrw
FLASH            0x0000000008000000 0x0000000000020000 xr
*default*        0x0000000000000000 0xffffffffffffffff

Linker script and memory map

LOAD d:/program files/stm32cubeide_1.2.0/stm32cubeide/plugins/com.st.stm32cube.ide.mcu.externaltools.gnu-tools-for-stm32.7-2018-q2-update.win32_1.0.0.201904181610/tools/bin/../lib/gcc/arm-none-eabi/7.3.1/thumb/v7e-m/fpv4-sp/hard/crti.o
LOAD d:/program files/stm32cubeide_1.2.0/stm32cubeide/plugins/com.st.stm32cube.ide.mcu.externaltools.gnu-tools-for-stm32.7-2018-q2-update.win32_1.0.0.201904181610/tools/bin/../lib/gcc/arm-none-eabi/7.3.1/thumb/v7e-m/fpv4-sp/hard/crtbegin.o
LOAD d:/program files/stm32cubeide_1.2.0/stm32cubeide/plugins/com.st.stm32cube.ide.mcu.externaltools.gnu-tools-for-stm32.7-2018-q2-update.win32_1.0.0.201904181610/tools/bin/../lib/gcc/arm-none-eabi/7.3.1/../../../../arm-none-eabi/lib/thumb/v7e-m/fpv4-sp/hard/crt0.o
LOAD Core/Src/CircularBuffer.o
LOAD Core/Src/dma.o
LOAD Core/Src/gpio.o
LOAD Core/Src/main.o
LOAD Core/Src/stm32l4xx_hal_msp.o
LOAD Core/Src/stm32l4xx_it.o
LOAD Core/Src/syscalls.o
LOAD Core/Src/sysmem.o
LOAD Core/Src/system_stm32l4xx.o
LOAD Core/Src/ublox_gps.o
LOAD Core/Src/usart.o
LOAD Core/Startup/startup_stm32l412kbux.o
LOAD Drivers/STM32L4xx_HAL_Driver/Src/stm32l4xx_hal.o
LOAD Drivers/STM32L4xx_HAL_Driver/Src/stm32l4xx_hal_cortex.o
LOAD Drivers/STM32L4xx_HAL_Driver/Src/stm32l4xx_hal_dma.o
LOAD Drivers/STM32L4xx_HAL_Driver/Src/stm32l4xx_hal_dma_ex.o
LOAD Drivers/STM32L4xx_HAL_Driver/Src/stm32l4xx_hal_exti.o
LOAD Drivers/STM32L4xx_HAL_Driver/Src/stm32l4xx_hal_flash.o
LOAD Drivers/STM32L4xx_HAL_Driver/Src/stm32l4xx_hal_flash_ex.o
LOAD Drivers/STM32L4xx_HAL_Driver/Src/stm32l4xx_hal_flash_ramfunc.o
LOAD Drivers/STM32L4xx_HAL_Driver/Src/stm32l4xx_hal_gpio.o
LOAD Drivers/STM32L4xx_HAL_Driver/Src/stm32l4xx_hal_i2c.o
LOAD Drivers/STM32L4xx_HAL_Driver/Src/stm32l4xx_hal_i2c_ex.o
LOAD Drivers/STM32L4xx_HAL_Driver/Src/stm32l4xx_hal_pwr.o
LOAD Drivers/STM32L4xx_HAL_Driver/Src/stm32l4xx_hal_pwr_ex.o
LOAD Drivers/STM32L4xx_HAL_Driver/Src/stm32l4xx_hal_rcc.o
LOAD Drivers/STM32L4xx_HAL_Driver/Src/stm32l4xx_hal_rcc_ex.o
LOAD Drivers/STM32L4xx_HAL_Driver/Src/stm32l4xx_hal_tim.o
LOAD Drivers/STM32L4xx_HAL_Driver/Src/stm32l4xx_hal_tim_ex.o
LOAD Drivers/STM32L4xx_HAL_Driver/Src/stm32l4xx_hal_uart.o
LOAD Drivers/STM32L4xx_HAL_Driver/Src/stm32l4xx_hal_uart_ex.o
START GROUP
LOAD d:/program files/stm32cubeide_1.2.0/stm32cubeide/plugins/com.st.stm32cube.ide.mcu.externaltools.gnu-tools-for-stm32.7-2018-q2-update.win32_1.0.0.201904181610/tools/bin/../lib/gcc/arm-none-eabi/7.3.1/../../../../arm-none-eabi/lib/thumb/v7e-m/fpv4-sp/hard\libstdc++_nano.a
LOAD d:/program files/stm32cubeide_1.2.0/stm32cubeide/plugins/com.st.stm32cube.ide.mcu.externaltools.gnu-tools-for-stm32.7-2018-q2-update.win32_1.0.0.201904181610/tools/bin/../lib/gcc/arm-none-eabi/7.3.1/../../../../arm-none-eabi/lib/thumb/v7e-m/fpv4-sp/hard\libsupc++_nano.a
END GROUP
LOAD d:/program files/stm32cubeide_1.2.0/stm32cubeide/plugins/com.st.stm32cube.ide.mcu.externaltools.gnu-tools-for-stm32.7-2018-q2-update.win32_1.0.0.201904181610/tools/bin/../lib/gcc/arm-none-eabi/7.3.1/../../../../arm-none-eabi/lib/thumb/v7e-m/fpv4-sp/hard\libstdc++_nano.a
LOAD d:/program files/stm32cubeide_1.2.0/stm32cubeide/plugins/com.st.stm32cube.ide.mcu.externaltools.gnu-tools-for-stm32.7-2018-q2-update.win32_1.0.0.201904181610/tools/bin/../lib/gcc/arm-none-eabi/7.3.1/../../../../arm-none-eabi/lib/thumb/v7e-m/fpv4-sp/hard\libm.a
LOAD d:/program files/stm32cubeide_1.2.0/stm32cubeide/plugins/com.st.stm32cube.ide.mcu.externaltools.gnu-tools-for-stm32.7-2018-q2-update.win32_1.0.0.201904181610/tools/bin/../lib/gcc/arm-none-eabi/7.3.1/../../../../arm-none-eabi/lib/thumb/v7e-m/fpv4-sp/hard\libc_nano.a
START GROUP
LOAD d:/program files/stm32cubeide_1.2.0/stm32cubeide/plugins/com.st.stm32cube.ide.mcu.externaltools.gnu-tools-for-stm32.7-2018-q2-update.win32_1.0.0.201904181610/tools/bin/../lib/gcc/arm-none-eabi/7.3.1/thumb/v7e-m/fpv4-sp/hard\libgcc.a
LOAD d:/program files/stm32cubeide_1.2.0/stm32cubeide/plugins/com.st.stm32cube.ide.mcu.externaltools.gnu-tools-for-stm32.7-2018-q2-update.win32_1.0.0.201904181610/tools/bin/../lib/gcc/arm-none-eabi/7.3.1/../../../../arm-none-eabi/lib/thumb/v7e-m/fpv4-sp/hard\libc_nano.a
END GROUP
START GROUP
LOAD d:/program files/stm32cubeide_1.2.0/stm32cubeide/plugins/com.st.stm32cube.ide.mcu.externaltools.gnu-tools-for-stm32.7-2018-q2-update.win32_1.0.0.201904181610/tools/bin/../lib/gcc/arm-none-eabi/7.3.1/thumb/v7e-m/fpv4-sp/hard\libgcc.a
LOAD d:/program files/stm32cubeide_1.2.0/stm32cubeide/plugins/com.st.stm32cube.ide.mcu.externaltools.gnu-tools-for-stm32.7-2018-q2-update.win32_1.0.0.201904181610/tools/bin/../lib/gcc/arm-none-eabi/7.3.1/../../../../arm-none-eabi/lib/thumb/v7e-m/fpv4-sp/hard\libc_nano.a
LOAD d:/program files/stm32cubeide_1.2.0/stm32cubeide/plugins/com.st.stm32cube.ide.mcu.externaltools.gnu-tools-for-stm32.7-2018-q2-update.win32_1.0.0.201904181610/tools/bin/../lib/gcc/arm-none-eabi/7.3.1/../../../../arm-none-eabi/lib/thumb/v7e-m/fpv4-sp/hard\libnosys.a
END GROUP
START GROUP
LOAD d:/program files/stm32cubeide_1.2.0/stm32cubeide/plugins/com.st.stm32cube.ide.mcu.externaltools.gnu-tools-for-stm32.7-2018-q2-update.win32_1.0.0.201904181610/tools/bin/../lib/gcc/arm-none-eabi/7.3.1/thumb/v7e-m/fpv4-sp/hard\libgcc.a
LOAD d:/program files/stm32cubeide_1.2.0/stm32cubeide/plugins/com.st.stm32cube.ide.mcu.externaltools.gnu-tools-for-stm32.7-2018-q2-update.win32_1.0.0.201904181610/tools/bin/../lib/gcc/arm-none-eabi/7.3.1/../../../../arm-none-eabi/lib/thumb/v7e-m/fpv4-sp/hard\libc_nano.a
LOAD d:/program files/stm32cubeide_1.2.0/stm32cubeide/plugins/com.st.stm32cube.ide.mcu.externaltools.gnu-tools-for-stm32.7-2018-q2-update.win32_1.0.0.201904181610/tools/bin/../lib/gcc/arm-none-eabi/7.3.1/../../../../arm-none-eabi/lib/thumb/v7e-m/fpv4-sp/hard\libnosys.a
END GROUP
LOAD d:/program files/stm32cubeide_1.2.0/stm32cubeide/plugins/com.st.stm32cube.ide.mcu.externaltools.gnu-tools-for-stm32.7-2018-q2-update.win32_1.0.0.201904181610/tools/bin/../lib/gcc/arm-none-eabi/7.3.1/thumb/v7e-m/fpv4-sp/hard/crtend.o
LOAD d:/program files/stm32cubeide_1.2.0/stm32cubeide/plugins/com.st.stm32cube.ide.mcu.externaltools.gnu-tools-for-stm32.7-2018-q2-update.win32_1.0.0.201904181610/tools/bin/../lib/gcc/arm-none-eabi/7.3.1/thumb/v7e-m/fpv4-sp/hard/crtn.o
                0x000000002000a000                _estack = (ORIGIN (RAM) + LENGTH (RAM))
                0x0000000000000400                _Min_Heap_Size = 0x400
                0x0000000000002000                _Min_Stack_Size = 0x2000

.isr_vector     0x0000000008000000      0x18c
                0x0000000008000000                . = ALIGN (0x4)
 *(.isr_vector)
 .isr_vector    0x0000000008000000      0x18c Core/Startup/startup_stm32l412kbux.o
                0x0000000008000000                g_pfnVectors
                0x000000000800018c                . = ALIGN (0x4)

.text           0x0000000008000190     0x43b0
                0x0000000008000190                . = ALIGN (0x4)
 *(.text)
 .text          0x0000000008000190       0x40 d:/program files/stm32cubeide_1.2.0/stm32cubeide/plugins/com.st.stm32cube.ide.mcu.externaltools.gnu-tools-for-stm32.7-2018-q2-update.win32_1.0.0.201904181610/tools/bin/../lib/gcc/arm-none-eabi/7.3.1/thumb/v7e-m/fpv4-sp/hard/crtbegin.o
 .text          0x00000000080001d0       0x10 d:/program files/stm32cubeide_1.2.0/stm32cubeide/plugins/com.st.stm32cube.ide.mcu.externaltools.gnu-tools-for-stm32.7-2018-q2-update.win32_1.0.0.201904181610/tools/bin/../lib/gcc/arm-none-eabi/7.3.1/../../../../arm-none-eabi/lib/thumb/v7e-m/fpv4-sp/hard\libc_nano.a(lib_a-strlen.o)
                0x00000000080001d0                strlen
 .text          0x00000000080001e0       0xa0 d:/program files/stm32cubeide_1.2.0/stm32cubeide/plugins/com.st.stm32cube.ide.mcu.externaltools.gnu-tools-for-stm32.7-2018-q2-update.win32_1.0.0.201904181610/tools/bin/../lib/gcc/arm-none-eabi/7.3.1/../../../../arm-none-eabi/lib/thumb/v7e-m/fpv4-sp/hard\libc_nano.a(lib_a-memchr.o)
                0x00000000080001e0                memchr
 .text          0x0000000008000280       0x30 d:/program files/stm32cubeide_1.2.0/stm32cubeide/plugins/com.st.stm32cube.ide.mcu.externaltools.gnu-tools-for-stm32.7-2018-q2-update.win32_1.0.0.201904181610/tools/bin/../lib/gcc/arm-none-eabi/7.3.1/thumb/v7e-m/fpv4-sp/hard\libgcc.a(_aeabi_uldivmod.o)
                0x0000000008000280                __aeabi_uldivmod
 .text          0x00000000080002b0      0x2cc d:/program files/stm32cubeide_1.2.0/stm32cubeide/plugins/com.st.stm32cube.ide.mcu.externaltools.gnu-tools-for-stm32.7-2018-q2-update.win32_1.0.0.201904181610/tools/bin/../lib/gcc/arm-none-eabi/7.3.1/thumb/v7e-m/fpv4-sp/hard\libgcc.a(_udivmoddi4.o)
                0x00000000080002b0                __udivmoddi4
 .text          0x000000000800057c        0x4 d:/program files/stm32cubeide_1.2.0/stm32cubeide/plugins/com.st.stm32cube.ide.mcu.externaltools.gnu-tools-for-stm32.7-2018-q2-update.win32_1.0.0.201904181610/tools/bin/../lib/gcc/arm-none-eabi/7.3.1/thumb/v7e-m/fpv4-sp/hard\libgcc.a(_dvmd_tls.o)
                0x000000000800057c                __aeabi_idiv0
                0x000000000800057c                __aeabi_ldiv0
 *(.text*)
 .text.initBuffer
                0x0000000008000580       0x4a Core/Src/CircularBuffer.o
                0x0000000008000580                initBuffer
 .text.putChar  0x00000000080005ca       0xaa Core/Src/CircularBuffer.o
                0x00000000080005ca                putChar
 .text.getChar  0x0000000008000674       0x74 Core/Src/CircularBuffer.o
                0x0000000008000674                getChar
 .text.getBufferSize
                0x00000000080006e8       0x2e Core/Src/CircularBuffer.o
                0x00000000080006e8                getBufferSize
 *fill*         0x0000000008000716        0x2 
 .text.MX_GPIO_Init
                0x0000000008000718       0xc4 Core/Src/gpio.o
                0x0000000008000718                MX_GPIO_Init
 .text._ZSt3absl
                0x00000000080007dc       0x1c Core/Src/main.o
                0x00000000080007dc                std::abs(long)
 .text._Z11sendGPSDatav
                0x00000000080007f8      0x10c Core/Src/main.o
                0x00000000080007f8                sendGPSData()
 .text.main     0x0000000008000904       0x4c Core/Src/main.o
                0x0000000008000904                main
 .text._Z18SystemClock_Configv
                0x0000000008000950       0xfc Core/Src/main.o
                0x0000000008000950                SystemClock_Config()
 .text.HAL_GPIO_EXTI_Callback
                0x0000000008000a4c       0x1c Core/Src/main.o
                0x0000000008000a4c                HAL_GPIO_EXTI_Callback
 .text.HAL_UART_RxCpltCallback
                0x0000000008000a68       0x40 Core/Src/main.o
                0x0000000008000a68                HAL_UART_RxCpltCallback
 .text.Error_Handler
                0x0000000008000aa8        0xe Core/Src/main.o
                0x0000000008000aa8                Error_Handler
 *fill*         0x0000000008000ab6        0x2 
 .text.HAL_MspInit
                0x0000000008000ab8       0x48 Core/Src/stm32l4xx_hal_msp.o
                0x0000000008000ab8                HAL_MspInit
 .text.NMI_Handler
                0x0000000008000b00        0xe Core/Src/stm32l4xx_it.o
                0x0000000008000b00                NMI_Handler
 .text.HardFault_Handler
                0x0000000008000b0e        0x6 Core/Src/stm32l4xx_it.o
                0x0000000008000b0e                HardFault_Handler
 .text.MemManage_Handler
                0x0000000008000b14        0x6 Core/Src/stm32l4xx_it.o
                0x0000000008000b14                MemManage_Handler
 .text.BusFault_Handler
                0x0000000008000b1a        0x6 Core/Src/stm32l4xx_it.o
                0x0000000008000b1a                BusFault_Handler
 .text.UsageFault_Handler
                0x0000000008000b20        0x6 Core/Src/stm32l4xx_it.o
                0x0000000008000b20                UsageFault_Handler
 .text.SVC_Handler
                0x0000000008000b26        0xe Core/Src/stm32l4xx_it.o
                0x0000000008000b26                SVC_Handler
 .text.DebugMon_Handler
                0x0000000008000b34        0xe Core/Src/stm32l4xx_it.o
                0x0000000008000b34                DebugMon_Handler
 .text.PendSV_Handler
                0x0000000008000b42        0xe Core/Src/stm32l4xx_it.o
                0x0000000008000b42                PendSV_Handler
 .text.SysTick_Handler
                0x0000000008000b50        0xc Core/Src/stm32l4xx_it.o
                0x0000000008000b50                SysTick_Handler
 .text.EXTI1_IRQHandler
                0x0000000008000b5c        0xe Core/Src/stm32l4xx_it.o
                0x0000000008000b5c                EXTI1_IRQHandler
 *fill*         0x0000000008000b6a        0x2 
 .text.DMA1_Channel5_IRQHandler
                0x0000000008000b6c       0x14 Core/Src/stm32l4xx_it.o
                0x0000000008000b6c                DMA1_Channel5_IRQHandler
 .text.DMA1_Channel7_IRQHandler
                0x0000000008000b80       0x14 Core/Src/stm32l4xx_it.o
                0x0000000008000b80                DMA1_Channel7_IRQHandler
 .text.USART1_IRQHandler
                0x0000000008000b94       0x14 Core/Src/stm32l4xx_it.o
                0x0000000008000b94                USART1_IRQHandler
 .text.USART2_IRQHandler
                0x0000000008000ba8       0x14 Core/Src/stm32l4xx_it.o
                0x0000000008000ba8                USART2_IRQHandler
 .text._sbrk    0x0000000008000bbc       0x58 Core/Src/sysmem.o
                0x0000000008000bbc                _sbrk
 .text.SystemInit
                0x0000000008000c14       0x6c Core/Src/system_stm32l4xx.o
                0x0000000008000c14                SystemInit
 .text.compareMsgHeader
                0x0000000008000c80       0x44 Core/Src/ublox_gps.o
                0x0000000008000c80                compareMsgHeader
 .text.calcChecksum
                0x0000000008000cc4       0x70 Core/Src/ublox_gps.o
                0x0000000008000cc4                calcChecksum
 .text.readGPS  0x0000000008000d34      0x138 Core/Src/ublox_gps.o
                0x0000000008000d34                readGPS
 .text.MX_USART1_UART_Init
                0x0000000008000e6c       0x68 Core/Src/usart.o
                0x0000000008000e6c                MX_USART1_UART_Init
 .text.MX_USART2_UART_Init
                0x0000000008000ed4       0x68 Core/Src/usart.o
                0x0000000008000ed4                MX_USART2_UART_Init
 .text.HAL_UART_MspInit
                0x0000000008000f3c      0x190 Core/Src/usart.o
                0x0000000008000f3c                HAL_UART_MspInit
 .text.Reset_Handler
                0x00000000080010cc       0x50 Core/Startup/startup_stm32l412kbux.o
                0x00000000080010cc                Reset_Handler
 .text.Default_Handler
                0x000000000800111c        0x2 Core/Startup/startup_stm32l412kbux.o
                0x000000000800111c                RTC_Alarm_IRQHandler
                0x000000000800111c                EXTI2_IRQHandler
                0x000000000800111c                TIM1_CC_IRQHandler
                0x000000000800111c                TSC_IRQHandler
                0x000000000800111c                TIM6_IRQHandler
                0x000000000800111c                TAMP_STAMP_IRQHandler
                0x000000000800111c                EXTI3_IRQHandler
                0x000000000800111c                LPTIM2_IRQHandler
                0x000000000800111c                I2C3_ER_IRQHandler
                0x000000000800111c                EXTI0_IRQHandler
                0x000000000800111c                I2C2_EV_IRQHandler
                0x000000000800111c                FPU_IRQHandler
                0x000000000800111c                TIM1_UP_TIM16_IRQHandler
                0x000000000800111c                ADC1_2_IRQHandler
                0x000000000800111c                SPI1_IRQHandler
                0x000000000800111c                DMA2_Channel2_IRQHandler
                0x000000000800111c                DMA1_Channel4_IRQHandler
                0x000000000800111c                USART3_IRQHandler
                0x000000000800111c                DMA2_Channel1_IRQHandler
                0x000000000800111c                QUADSPI_IRQHandler
                0x000000000800111c                I2C1_EV_IRQHandler
                0x000000000800111c                DMA1_Channel6_IRQHandler
                0x000000000800111c                DMA2_Channel4_IRQHandler
                0x000000000800111c                RCC_IRQHandler
                0x000000000800111c                TIM1_TRG_COM_IRQHandler
                0x000000000800111c                DMA1_Channel1_IRQHandler
                0x000000000800111c                Default_Handler
                0x000000000800111c                DMA2_Channel7_IRQHandler
                0x000000000800111c                EXTI15_10_IRQHandler
                0x000000000800111c                I2C3_EV_IRQHandler
                0x000000000800111c                USB_IRQHandler
                0x000000000800111c                EXTI9_5_IRQHandler
                0x000000000800111c                RTC_WKUP_IRQHandler
                0x000000000800111c                PVD_PVM_IRQHandler
                0x000000000800111c                SPI2_IRQHandler
                0x000000000800111c                DMA2_Channel5_IRQHandler
                0x000000000800111c                CRS_IRQHandler
                0x000000000800111c                EXTI4_IRQHandler
                0x000000000800111c                RNG_IRQHandler
                0x000000000800111c                DMA1_Channel3_IRQHandler
                0x000000000800111c                COMP_IRQHandler
                0x000000000800111c                WWDG_IRQHandler
                0x000000000800111c                LPUART1_IRQHandler
                0x000000000800111c                DMA2_Channel6_IRQHandler
                0x000000000800111c                TIM2_IRQHandler
                0x000000000800111c                I2C2_ER_IRQHandler
                0x000000000800111c                DMA1_Channel2_IRQHandler
                0x000000000800111c                FLASH_IRQHandler
                0x000000000800111c                I2C1_ER_IRQHandler
                0x000000000800111c                LPTIM1_IRQHandler
                0x000000000800111c                DMA2_Channel3_IRQHandler
                0x000000000800111c                TIM1_BRK_TIM15_IRQHandler
 .text.HAL_Init
                0x000000000800111e       0x30 Drivers/STM32L4xx_HAL_Driver/Src/stm32l4xx_hal.o
                0x000000000800111e                HAL_Init
 *fill*         0x000000000800114e        0x2 
 .text.HAL_InitTick
                0x0000000008001150       0x74 Drivers/STM32L4xx_HAL_Driver/Src/stm32l4xx_hal.o
                0x0000000008001150                HAL_InitTick
 .text.HAL_IncTick
                0x00000000080011c4       0x24 Drivers/STM32L4xx_HAL_Driver/Src/stm32l4xx_hal.o
                0x00000000080011c4                HAL_IncTick
 .text.HAL_GetTick
                0x00000000080011e8       0x18 Drivers/STM32L4xx_HAL_Driver/Src/stm32l4xx_hal.o
                0x00000000080011e8                HAL_GetTick
 .text.__NVIC_SetPriorityGrouping
                0x0000000008001200       0x48 Drivers/STM32L4xx_HAL_Driver/Src/stm32l4xx_hal_cortex.o
 .text.__NVIC_GetPriorityGrouping
                0x0000000008001248       0x1c Drivers/STM32L4xx_HAL_Driver/Src/stm32l4xx_hal_cortex.o
 .text.__NVIC_EnableIRQ
                0x0000000008001264       0x3c Drivers/STM32L4xx_HAL_Driver/Src/stm32l4xx_hal_cortex.o
 .text.__NVIC_SetPriority
                0x00000000080012a0       0x54 Drivers/STM32L4xx_HAL_Driver/Src/stm32l4xx_hal_cortex.o
 .text.NVIC_EncodePriority
                0x00000000080012f4       0x66 Drivers/STM32L4xx_HAL_Driver/Src/stm32l4xx_hal_cortex.o
 *fill*         0x000000000800135a        0x2 
 .text.SysTick_Config
                0x000000000800135c       0x44 Drivers/STM32L4xx_HAL_Driver/Src/stm32l4xx_hal_cortex.o
 .text.HAL_NVIC_SetPriorityGrouping
                0x00000000080013a0       0x16 Drivers/STM32L4xx_HAL_Driver/Src/stm32l4xx_hal_cortex.o
                0x00000000080013a0                HAL_NVIC_SetPriorityGrouping
 .text.HAL_NVIC_SetPriority
                0x00000000080013b6       0x38 Drivers/STM32L4xx_HAL_Driver/Src/stm32l4xx_hal_cortex.o
                0x00000000080013b6                HAL_NVIC_SetPriority
 .text.HAL_NVIC_EnableIRQ
                0x00000000080013ee       0x1c Drivers/STM32L4xx_HAL_Driver/Src/stm32l4xx_hal_cortex.o
                0x00000000080013ee                HAL_NVIC_EnableIRQ
 .text.HAL_SYSTICK_Config
                0x000000000800140a       0x18 Drivers/STM32L4xx_HAL_Driver/Src/stm32l4xx_hal_cortex.o
                0x000000000800140a                HAL_SYSTICK_Config
 *fill*         0x0000000008001422        0x2 
 .text.HAL_DMA_Init
                0x0000000008001424      0x170 Drivers/STM32L4xx_HAL_Driver/Src/stm32l4xx_hal_dma.o
                0x0000000008001424                HAL_DMA_Init
 .text.HAL_DMA_Abort_IT
                0x0000000008001594       0x82 Drivers/STM32L4xx_HAL_Driver/Src/stm32l4xx_hal_dma.o
                0x0000000008001594                HAL_DMA_Abort_IT
 .text.HAL_DMA_IRQHandler
                0x0000000008001616      0x15e Drivers/STM32L4xx_HAL_Driver/Src/stm32l4xx_hal_dma.o
                0x0000000008001616                HAL_DMA_IRQHandler
 .text.HAL_GPIO_Init
                0x0000000008001774      0x2e4 Drivers/STM32L4xx_HAL_Driver/Src/stm32l4xx_hal_gpio.o
                0x0000000008001774                HAL_GPIO_Init
 .text.HAL_GPIO_WritePin
                0x0000000008001a58       0x30 Drivers/STM32L4xx_HAL_Driver/Src/stm32l4xx_hal_gpio.o
                0x0000000008001a58                HAL_GPIO_WritePin
 .text.HAL_GPIO_EXTI_IRQHandler
                0x0000000008001a88       0x30 Drivers/STM32L4xx_HAL_Driver/Src/stm32l4xx_hal_gpio.o
                0x0000000008001a88                HAL_GPIO_EXTI_IRQHandler
 .text.HAL_PWREx_GetVoltageRange
                0x0000000008001ab8       0x1c Drivers/STM32L4xx_HAL_Driver/Src/stm32l4xx_hal_pwr_ex.o
                0x0000000008001ab8                HAL_PWREx_GetVoltageRange
 .text.HAL_PWREx_ControlVoltageScaling
                0x0000000008001ad4       0xac Drivers/STM32L4xx_HAL_Driver/Src/stm32l4xx_hal_pwr_ex.o
                0x0000000008001ad4                HAL_PWREx_ControlVoltageScaling
 .text.HAL_RCC_OscConfig
                0x0000000008001b80      0x8cc Drivers/STM32L4xx_HAL_Driver/Src/stm32l4xx_hal_rcc.o
                0x0000000008001b80                HAL_RCC_OscConfig
 .text.HAL_RCC_ClockConfig
                0x000000000800244c      0x1c4 Drivers/STM32L4xx_HAL_Driver/Src/stm32l4xx_hal_rcc.o
                0x000000000800244c                HAL_RCC_ClockConfig
 .text.HAL_RCC_GetSysClockFreq
                0x0000000008002610      0x114 Drivers/STM32L4xx_HAL_Driver/Src/stm32l4xx_hal_rcc.o
                0x0000000008002610                HAL_RCC_GetSysClockFreq
 .text.HAL_RCC_GetHCLKFreq
                0x0000000008002724       0x18 Drivers/STM32L4xx_HAL_Driver/Src/stm32l4xx_hal_rcc.o
                0x0000000008002724                HAL_RCC_GetHCLKFreq
 .text.HAL_RCC_GetPCLK1Freq
                0x000000000800273c       0x2c Drivers/STM32L4xx_HAL_Driver/Src/stm32l4xx_hal_rcc.o
                0x000000000800273c                HAL_RCC_GetPCLK1Freq
 .text.HAL_RCC_GetPCLK2Freq
                0x0000000008002768       0x2c Drivers/STM32L4xx_HAL_Driver/Src/stm32l4xx_hal_rcc.o
                0x0000000008002768                HAL_RCC_GetPCLK2Freq
 .text.RCC_SetFlashLatencyFromMSIRange
                0x0000000008002794       0xc0 Drivers/STM32L4xx_HAL_Driver/Src/stm32l4xx_hal_rcc.o
 .text.HAL_RCCEx_PeriphCLKConfig
                0x0000000008002854      0x30c Drivers/STM32L4xx_HAL_Driver/Src/stm32l4xx_hal_rcc_ex.o
                0x0000000008002854                HAL_RCCEx_PeriphCLKConfig
 .text.HAL_UART_Init
                0x0000000008002b60       0x9c Drivers/STM32L4xx_HAL_Driver/Src/stm32l4xx_hal_uart.o
                0x0000000008002b60                HAL_UART_Init
 .text.HAL_UART_Transmit_IT
                0x0000000008002bfc       0xb8 Drivers/STM32L4xx_HAL_Driver/Src/stm32l4xx_hal_uart.o
                0x0000000008002bfc                HAL_UART_Transmit_IT
 .text.HAL_UART_Receive_IT
                0x0000000008002cb4      0x144 Drivers/STM32L4xx_HAL_Driver/Src/stm32l4xx_hal_uart.o
                0x0000000008002cb4                HAL_UART_Receive_IT
 .text.HAL_UART_IRQHandler
                0x0000000008002df8      0x28c Drivers/STM32L4xx_HAL_Driver/Src/stm32l4xx_hal_uart.o
                0x0000000008002df8                HAL_UART_IRQHandler
 .text.HAL_UART_TxCpltCallback
                0x0000000008003084       0x14 Drivers/STM32L4xx_HAL_Driver/Src/stm32l4xx_hal_uart.o
                0x0000000008003084                HAL_UART_TxCpltCallback
 .text.HAL_UART_ErrorCallback
                0x0000000008003098       0x14 Drivers/STM32L4xx_HAL_Driver/Src/stm32l4xx_hal_uart.o
                0x0000000008003098                HAL_UART_ErrorCallback
 .text.UART_SetConfig
                0x00000000080030ac      0x628 Drivers/STM32L4xx_HAL_Driver/Src/stm32l4xx_hal_uart.o
                0x00000000080030ac                UART_SetConfig
 .text.UART_AdvFeatureConfig
                0x00000000080036d4      0x144 Drivers/STM32L4xx_HAL_Driver/Src/stm32l4xx_hal_uart.o
                0x00000000080036d4                UART_AdvFeatureConfig
 .text.UART_CheckIdleState
                0x0000000008003818       0x8a Drivers/STM32L4xx_HAL_Driver/Src/stm32l4xx_hal_uart.o
                0x0000000008003818                UART_CheckIdleState
 .text.UART_WaitOnFlagUntilTimeout
                0x00000000080038a2       0xf6 Drivers/STM32L4xx_HAL_Driver/Src/stm32l4xx_hal_uart.o
                0x00000000080038a2                UART_WaitOnFlagUntilTimeout
 .text.UART_EndRxTransfer
                0x0000000008003998       0x40 Drivers/STM32L4xx_HAL_Driver/Src/stm32l4xx_hal_uart.o
 .text.UART_DMAAbortOnError
                0x00000000080039d8       0x2c Drivers/STM32L4xx_HAL_Driver/Src/stm32l4xx_hal_uart.o
 .text.UART_TxISR_8BIT
                0x0000000008003a04       0x74 Drivers/STM32L4xx_HAL_Driver/Src/stm32l4xx_hal_uart.o
 .text.UART_TxISR_16BIT
                0x0000000008003a78       0x7c Drivers/STM32L4xx_HAL_Driver/Src/stm32l4xx_hal_uart.o
 .text.UART_EndTransmit_IT
                0x0000000008003af4       0x32 Drivers/STM32L4xx_HAL_Driver/Src/stm32l4xx_hal_uart.o
 .text.UART_RxISR_8BIT
                0x0000000008003b26       0xaa Drivers/STM32L4xx_HAL_Driver/Src/stm32l4xx_hal_uart.o
 .text.UART_RxISR_16BIT
                0x0000000008003bd0       0xaa Drivers/STM32L4xx_HAL_Driver/Src/stm32l4xx_hal_uart.o
 .text.HAL_UARTEx_WakeupCallback
                0x0000000008003c7a       0x14 Drivers/STM32L4xx_HAL_Driver/Src/stm32l4xx_hal_uart_ex.o
                0x0000000008003c7a                HAL_UARTEx_WakeupCallback
 *fill*         0x0000000008003c8e        0x2 
 .text.__errno  0x0000000008003c90        0xc d:/program files/stm32cubeide_1.2.0/stm32cubeide/plugins/com.st.stm32cube.ide.mcu.externaltools.gnu-tools-for-stm32.7-2018-q2-update.win32_1.0.0.201904181610/tools/bin/../lib/gcc/arm-none-eabi/7.3.1/../../../../arm-none-eabi/lib/thumb/v7e-m/fpv4-sp/hard\libc_nano.a(lib_a-errno.o)
                0x0000000008003c90                __errno
 .text.__libc_init_array
                0x0000000008003c9c       0x48 d:/program files/stm32cubeide_1.2.0/stm32cubeide/plugins/com.st.stm32cube.ide.mcu.externaltools.gnu-tools-for-stm32.7-2018-q2-update.win32_1.0.0.201904181610/tools/bin/../lib/gcc/arm-none-eabi/7.3.1/../../../../arm-none-eabi/lib/thumb/v7e-m/fpv4-sp/hard\libc_nano.a(lib_a-init.o)
                0x0000000008003c9c                __libc_init_array
 .text.memset   0x0000000008003ce4       0x10 d:/program files/stm32cubeide_1.2.0/stm32cubeide/plugins/com.st.stm32cube.ide.mcu.externaltools.gnu-tools-for-stm32.7-2018-q2-update.win32_1.0.0.201904181610/tools/bin/../lib/gcc/arm-none-eabi/7.3.1/../../../../arm-none-eabi/lib/thumb/v7e-m/fpv4-sp/hard\libc_nano.a(lib_a-memset.o)
                0x0000000008003ce4                memset
 .text.snprintf
                0x0000000008003cf4       0x68 d:/program files/stm32cubeide_1.2.0/stm32cubeide/plugins/com.st.stm32cube.ide.mcu.externaltools.gnu-tools-for-stm32.7-2018-q2-update.win32_1.0.0.201904181610/tools/bin/../lib/gcc/arm-none-eabi/7.3.1/../../../../arm-none-eabi/lib/thumb/v7e-m/fpv4-sp/hard\libc_nano.a(lib_a-snprintf.o)
                0x0000000008003cf4                sniprintf
                0x0000000008003cf4                snprintf
 .text.__ssputs_r
                0x0000000008003d5c       0xb4 d:/program files/stm32cubeide_1.2.0/stm32cubeide/plugins/com.st.stm32cube.ide.mcu.externaltools.gnu-tools-for-stm32.7-2018-q2-update.win32_1.0.0.201904181610/tools/bin/../lib/gcc/arm-none-eabi/7.3.1/../../../../arm-none-eabi/lib/thumb/v7e-m/fpv4-sp/hard\libc_nano.a(lib_a-nano-svfprintf.o)
                0x0000000008003d5c                __ssputs_r
 .text._svfprintf_r
                0x0000000008003e10      0x1f0 d:/program files/stm32cubeide_1.2.0/stm32cubeide/plugins/com.st.stm32cube.ide.mcu.externaltools.gnu-tools-for-stm32.7-2018-q2-update.win32_1.0.0.201904181610/tools/bin/../lib/gcc/arm-none-eabi/7.3.1/../../../../arm-none-eabi/lib/thumb/v7e-m/fpv4-sp/hard\libc_nano.a(lib_a-nano-svfprintf.o)
                0x0000000008003e10                _svfiprintf_r
                0x0000000008003e10                _svfprintf_r
 .text._printf_common
                0x0000000008004000       0xea d:/program files/stm32cubeide_1.2.0/stm32cubeide/plugins/com.st.stm32cube.ide.mcu.externaltools.gnu-tools-for-stm32.7-2018-q2-update.win32_1.0.0.201904181610/tools/bin/../lib/gcc/arm-none-eabi/7.3.1/../../../../arm-none-eabi/lib/thumb/v7e-m/fpv4-sp/hard\libc_nano.a(lib_a-nano-vfprintf_i.o)
                0x0000000008004000                _printf_common
 *fill*         0x00000000080040ea        0x2 
 .text._printf_i
                0x00000000080040ec      0x224 d:/program files/stm32cubeide_1.2.0/stm32cubeide/plugins/com.st.stm32cube.ide.mcu.externaltools.gnu-tools-for-stm32.7-2018-q2-update.win32_1.0.0.201904181610/tools/bin/../lib/gcc/arm-none-eabi/7.3.1/../../../../arm-none-eabi/lib/thumb/v7e-m/fpv4-sp/hard\libc_nano.a(lib_a-nano-vfprintf_i.o)
                0x00000000080040ec                _printf_i
 .text.memcpy   0x0000000008004310       0x16 d:/program files/stm32cubeide_1.2.0/stm32cubeide/plugins/com.st.stm32cube.ide.mcu.externaltools.gnu-tools-for-stm32.7-2018-q2-update.win32_1.0.0.201904181610/tools/bin/../lib/gcc/arm-none-eabi/7.3.1/../../../../arm-none-eabi/lib/thumb/v7e-m/fpv4-sp/hard\libc_nano.a(lib_a-memcpy-stub.o)
                0x0000000008004310                memcpy
 .text.memmove  0x0000000008004326       0x32 d:/program files/stm32cubeide_1.2.0/stm32cubeide/plugins/com.st.stm32cube.ide.mcu.externaltools.gnu-tools-for-stm32.7-2018-q2-update.win32_1.0.0.201904181610/tools/bin/../lib/gcc/arm-none-eabi/7.3.1/../../../../arm-none-eabi/lib/thumb/v7e-m/fpv4-sp/hard\libc_nano.a(lib_a-memmove.o)
                0x0000000008004326                memmove
 .text._free_r  0x0000000008004358       0x9c d:/program files/stm32cubeide_1.2.0/stm32cubeide/plugins/com.st.stm32cube.ide.mcu.externaltools.gnu-tools-for-stm32.7-2018-q2-update.win32_1.0.0.201904181610/tools/bin/../lib/gcc/arm-none-eabi/7.3.1/../../../../arm-none-eabi/lib/thumb/v7e-m/fpv4-sp/hard\libc_nano.a(lib_a-nano-freer.o)
                0x0000000008004358                _free_r
 .text._malloc_r
                0x00000000080043f4       0xb4 d:/program files/stm32cubeide_1.2.0/stm32cubeide/plugins/com.st.stm32cube.ide.mcu.externaltools.gnu-tools-for-stm32.7-2018-q2-update.win32_1.0.0.201904181610/tools/bin/../lib/gcc/arm-none-eabi/7.3.1/../../../../arm-none-eabi/lib/thumb/v7e-m/fpv4-sp/hard\libc_nano.a(lib_a-nano-mallocr.o)
                0x00000000080043f4                _malloc_r
 .text._realloc_r
                0x00000000080044a8       0x4c d:/program files/stm32cubeide_1.2.0/stm32cubeide/plugins/com.st.stm32cube.ide.mcu.externaltools.gnu-tools-for-stm32.7-2018-q2-update.win32_1.0.0.201904181610/tools/bin/../lib/gcc/arm-none-eabi/7.3.1/../../../../arm-none-eabi/lib/thumb/v7e-m/fpv4-sp/hard\libc_nano.a(lib_a-nano-reallocr.o)
                0x00000000080044a8                _realloc_r
 .text._sbrk_r  0x00000000080044f4       0x20 d:/program files/stm32cubeide_1.2.0/stm32cubeide/plugins/com.st.stm32cube.ide.mcu.externaltools.gnu-tools-for-stm32.7-2018-q2-update.win32_1.0.0.201904181610/tools/bin/../lib/gcc/arm-none-eabi/7.3.1/../../../../arm-none-eabi/lib/thumb/v7e-m/fpv4-sp/hard\libc_nano.a(lib_a-sbrkr.o)
                0x00000000080044f4                _sbrk_r
 .text.__malloc_lock
                0x0000000008004514        0x2 d:/program files/stm32cubeide_1.2.0/stm32cubeide/plugins/com.st.stm32cube.ide.mcu.externaltools.gnu-tools-for-stm32.7-2018-q2-update.win32_1.0.0.201904181610/tools/bin/../lib/gcc/arm-none-eabi/7.3.1/../../../../arm-none-eabi/lib/thumb/v7e-m/fpv4-sp/hard\libc_nano.a(lib_a-mlock.o)
                0x0000000008004514                __malloc_lock
 .text.__malloc_unlock
                0x0000000008004516        0x2 d:/program files/stm32cubeide_1.2.0/stm32cubeide/plugins/com.st.stm32cube.ide.mcu.externaltools.gnu-tools-for-stm32.7-2018-q2-update.win32_1.0.0.201904181610/tools/bin/../lib/gcc/arm-none-eabi/7.3.1/../../../../arm-none-eabi/lib/thumb/v7e-m/fpv4-sp/hard\libc_nano.a(lib_a-mlock.o)
                0x0000000008004516                __malloc_unlock
 .text._malloc_usable_size_r
                0x0000000008004518       0x10 d:/program files/stm32cubeide_1.2.0/stm32cubeide/plugins/com.st.stm32cube.ide.mcu.externaltools.gnu-tools-for-stm32.7-2018-q2-update.win32_1.0.0.201904181610/tools/bin/../lib/gcc/arm-none-eabi/7.3.1/../../../../arm-none-eabi/lib/thumb/v7e-m/fpv4-sp/hard\libc_nano.a(lib_a-nano-msizer.o)
                0x0000000008004518                _malloc_usable_size_r
 *(.glue_7)
 .glue_7        0x0000000008004528        0x0 linker stubs
 *(.glue_7t)
 .glue_7t       0x0000000008004528        0x0 linker stubs
 *(.eh_frame)
 .eh_frame      0x0000000008004528        0x0 d:/program files/stm32cubeide_1.2.0/stm32cubeide/plugins/com.st.stm32cube.ide.mcu.externaltools.gnu-tools-for-stm32.7-2018-q2-update.win32_1.0.0.201904181610/tools/bin/../lib/gcc/arm-none-eabi/7.3.1/thumb/v7e-m/fpv4-sp/hard/crtbegin.o
 *(.init)
 .init          0x0000000008004528        0x4 d:/program files/stm32cubeide_1.2.0/stm32cubeide/plugins/com.st.stm32cube.ide.mcu.externaltools.gnu-tools-for-stm32.7-2018-q2-update.win32_1.0.0.201904181610/tools/bin/../lib/gcc/arm-none-eabi/7.3.1/thumb/v7e-m/fpv4-sp/hard/crti.o
                0x0000000008004528                _init
 .init          0x000000000800452c        0x8 d:/program files/stm32cubeide_1.2.0/stm32cubeide/plugins/com.st.stm32cube.ide.mcu.externaltools.gnu-tools-for-stm32.7-2018-q2-update.win32_1.0.0.201904181610/tools/bin/../lib/gcc/arm-none-eabi/7.3.1/thumb/v7e-m/fpv4-sp/hard/crtn.o
 *(.fini)
 .fini          0x0000000008004534        0x4 d:/program files/stm32cubeide_1.2.0/stm32cubeide/plugins/com.st.stm32cube.ide.mcu.externaltools.gnu-tools-for-stm32.7-2018-q2-update.win32_1.0.0.201904181610/tools/bin/../lib/gcc/arm-none-eabi/7.3.1/thumb/v7e-m/fpv4-sp/hard/crti.o
                0x0000000008004534                _fini
 .fini          0x0000000008004538        0x8 d:/program files/stm32cubeide_1.2.0/stm32cubeide/plugins/com.st.stm32cube.ide.mcu.externaltools.gnu-tools-for-stm32.7-2018-q2-update.win32_1.0.0.201904181610/tools/bin/../lib/gcc/arm-none-eabi/7.3.1/thumb/v7e-m/fpv4-sp/hard/crtn.o
                0x0000000008004540                . = ALIGN (0x4)
                0x0000000008004540                _etext = .

.vfp11_veneer   0x0000000008004540        0x0
 .vfp11_veneer  0x0000000008004540        0x0 linker stubs

.v4_bx          0x0000000008004540        0x0
 .v4_bx         0x0000000008004540        0x0 linker stubs

.iplt           0x0000000008004540        0x0
 .iplt          0x0000000008004540        0x0 d:/program files/stm32cubeide_1.2.0/stm32cubeide/plugins/com.st.stm32cube.ide.mcu.externaltools.gnu-tools-for-stm32.7-2018-q2-update.win32_1.0.0.201904181610/tools/bin/../lib/gcc/arm-none-eabi/7.3.1/thumb/v7e-m/fpv4-sp/hard/crtbegin.o

.rodata         0x0000000008004540       0xc8
                0x0000000008004540                . = ALIGN (0x4)
 *(.rodata)
 .rodata        0x0000000008004540       0x43 Core/Src/main.o
 *(.rodata*)
 *fill*         0x0000000008004583        0x1 
 .rodata.AHBPrescTable
                0x0000000008004584       0x10 Core/Src/system_stm32l4xx.o
                0x0000000008004584                AHBPrescTable
 .rodata.APBPrescTable
                0x0000000008004594        0x8 Core/Src/system_stm32l4xx.o
                0x0000000008004594                APBPrescTable
 .rodata.MSIRangeTable
                0x000000000800459c       0x30 Core/Src/system_stm32l4xx.o
                0x000000000800459c                MSIRangeTable
 .rodata.UBX_HEADER
                0x00000000080045cc        0x2 Core/Src/ublox_gps.o
                0x00000000080045cc                UBX_HEADER
 *fill*         0x00000000080045ce        0x2 
 .rodata.NAV_PVT_HEADER
                0x00000000080045d0        0x2 Core/Src/ublox_gps.o
                0x00000000080045d0                NAV_PVT_HEADER
 .rodata._svfprintf_r.str1.1
                0x00000000080045d2       0x11 d:/program files/stm32cubeide_1.2.0/stm32cubeide/plugins/com.st.stm32cube.ide.mcu.externaltools.gnu-tools-for-stm32.7-2018-q2-update.win32_1.0.0.201904181610/tools/bin/../lib/gcc/arm-none-eabi/7.3.1/../../../../arm-none-eabi/lib/thumb/v7e-m/fpv4-sp/hard\libc_nano.a(lib_a-nano-svfprintf.o)
 .rodata._printf_i.str1.1
                0x00000000080045e3       0x22 d:/program files/stm32cubeide_1.2.0/stm32cubeide/plugins/com.st.stm32cube.ide.mcu.externaltools.gnu-tools-for-stm32.7-2018-q2-update.win32_1.0.0.201904181610/tools/bin/../lib/gcc/arm-none-eabi/7.3.1/../../../../arm-none-eabi/lib/thumb/v7e-m/fpv4-sp/hard\libc_nano.a(lib_a-nano-vfprintf_i.o)
                0x0000000008004608                . = ALIGN (0x4)
 *fill*         0x0000000008004605        0x3 

.ARM.extab      0x0000000008004608        0x0
                0x0000000008004608                . = ALIGN (0x4)
 *(.ARM.extab* .gnu.linkonce.armextab.*)
                0x0000000008004608                . = ALIGN (0x4)

.ARM            0x0000000008004608        0x8
                0x0000000008004608                . = ALIGN (0x4)
                0x0000000008004608                __exidx_start = .
 *(.ARM.exidx*)
 .ARM.exidx     0x0000000008004608        0x8 d:/program files/stm32cubeide_1.2.0/stm32cubeide/plugins/com.st.stm32cube.ide.mcu.externaltools.gnu-tools-for-stm32.7-2018-q2-update.win32_1.0.0.201904181610/tools/bin/../lib/gcc/arm-none-eabi/7.3.1/thumb/v7e-m/fpv4-sp/hard\libgcc.a(_udivmoddi4.o)
                0x0000000008004610                __exidx_end = .
                0x0000000008004610                . = ALIGN (0x4)

.rel.dyn        0x0000000008004610        0x0
 .rel.iplt      0x0000000008004610        0x0 d:/program files/stm32cubeide_1.2.0/stm32cubeide/plugins/com.st.stm32cube.ide.mcu.externaltools.gnu-tools-for-stm32.7-2018-q2-update.win32_1.0.0.201904181610/tools/bin/../lib/gcc/arm-none-eabi/7.3.1/thumb/v7e-m/fpv4-sp/hard/crtbegin.o

.preinit_array  0x0000000008004610        0x0
                0x0000000008004610                . = ALIGN (0x4)
                0x0000000008004610                PROVIDE (__preinit_array_start = .)
 *(.preinit_array*)
                0x0000000008004610                PROVIDE (__preinit_array_end = .)
                0x0000000008004610                . = ALIGN (0x4)

.init_array     0x0000000008004610        0x4
                0x0000000008004610                . = ALIGN (0x4)
                0x0000000008004610                PROVIDE (__init_array_start = .)
 *(SORT_BY_NAME(.init_array.*))
 *(.init_array*)
 .init_array    0x0000000008004610        0x4 d:/program files/stm32cubeide_1.2.0/stm32cubeide/plugins/com.st.stm32cube.ide.mcu.externaltools.gnu-tools-for-stm32.7-2018-q2-update.win32_1.0.0.201904181610/tools/bin/../lib/gcc/arm-none-eabi/7.3.1/thumb/v7e-m/fpv4-sp/hard/crtbegin.o
                0x0000000008004614                PROVIDE (__init_array_end = .)
                0x0000000008004614                . = ALIGN (0x4)

.fini_array     0x0000000008004614        0x4
                0x0000000008004614                . = ALIGN (0x4)
                [!provide]                        PROVIDE (__fini_array_start = .)
 *(SORT_BY_NAME(.fini_array.*))
 *(.fini_array*)
 .fini_array    0x0000000008004614        0x4 d:/program files/stm32cubeide_1.2.0/stm32cubeide/plugins/com.st.stm32cube.ide.mcu.externaltools.gnu-tools-for-stm32.7-2018-q2-update.win32_1.0.0.201904181610/tools/bin/../lib/gcc/arm-none-eabi/7.3.1/thumb/v7e-m/fpv4-sp/hard/crtbegin.o
                [!provide]                        PROVIDE (__fini_array_end = .)
                0x0000000008004618                . = ALIGN (0x4)
                0x0000000008004618                _sidata = LOADADDR (.data)

.data           0x0000000020000000       0x74 load address 0x0000000008004618
                0x0000000020000000                . = ALIGN (0x4)
                0x0000000020000000                _sdata = .
 *(.data)
 *(.data*)
 .data.SystemCoreClock
                0x0000000020000000        0x4 Core/Src/system_stm32l4xx.o
                0x0000000020000000                SystemCoreClock
 .data.payloadSize.9200
                0x0000000020000004        0x4 Core/Src/ublox_gps.o
 .data.uwTickPrio
                0x0000000020000008        0x4 Drivers/STM32L4xx_HAL_Driver/Src/stm32l4xx_hal.o
                0x0000000020000008                uwTickPrio
 .data.uwTickFreq
                0x000000002000000c        0x4 Drivers/STM32L4xx_HAL_Driver/Src/stm32l4xx_hal.o
                0x000000002000000c                uwTickFreq
 .data._impure_ptr
                0x0000000020000010        0x4 d:/program files/stm32cubeide_1.2.0/stm32cubeide/plugins/com.st.stm32cube.ide.mcu.externaltools.gnu-tools-for-stm32.7-2018-q2-update.win32_1.0.0.201904181610/tools/bin/../lib/gcc/arm-none-eabi/7.3.1/../../../../arm-none-eabi/lib/thumb/v7e-m/fpv4-sp/hard\libc_nano.a(lib_a-impure.o)
                0x0000000020000010                _impure_ptr
 .data.impure_data
                0x0000000020000014       0x60 d:/program files/stm32cubeide_1.2.0/stm32cubeide/plugins/com.st.stm32cube.ide.mcu.externaltools.gnu-tools-for-stm32.7-2018-q2-update.win32_1.0.0.201904181610/tools/bin/../lib/gcc/arm-none-eabi/7.3.1/../../../../arm-none-eabi/lib/thumb/v7e-m/fpv4-sp/hard\libc_nano.a(lib_a-impure.o)
                0x0000000020000074                . = ALIGN (0x4)
                0x0000000020000074                _edata = .

.igot.plt       0x0000000020000074        0x0 load address 0x000000000800468c
 .igot.plt      0x0000000020000074        0x0 d:/program files/stm32cubeide_1.2.0/stm32cubeide/plugins/com.st.stm32cube.ide.mcu.externaltools.gnu-tools-for-stm32.7-2018-q2-update.win32_1.0.0.201904181610/tools/bin/../lib/gcc/arm-none-eabi/7.3.1/thumb/v7e-m/fpv4-sp/hard/crtbegin.o
                0x0000000020000074                . = ALIGN (0x4)

.bss            0x0000000020000074      0xab0 load address 0x000000000800468c
                0x0000000020000074                _sbss = .
                0x0000000020000074                __bss_start__ = _sbss
 *(.bss)
 .bss           0x0000000020000074       0x1c d:/program files/stm32cubeide_1.2.0/stm32cubeide/plugins/com.st.stm32cube.ide.mcu.externaltools.gnu-tools-for-stm32.7-2018-q2-update.win32_1.0.0.201904181610/tools/bin/../lib/gcc/arm-none-eabi/7.3.1/thumb/v7e-m/fpv4-sp/hard/crtbegin.o
 *(.bss*)
 .bss.ubxMessage
                0x0000000020000090       0x60 Core/Src/main.o
                0x0000000020000090                ubxMessage
 .bss.rxBuffer  0x00000000200000f0      0x818 Core/Src/main.o
                0x00000000200000f0                rxBuffer
 .bss.c         0x0000000020000908        0x1 Core/Src/main.o
                0x0000000020000908                c
 *fill*         0x0000000020000909        0x3 
 .bss.buffer    0x000000002000090c       0x65 Core/Src/main.o
                0x000000002000090c                buffer
 *fill*         0x0000000020000971        0x1 
 .bss.imgIndex  0x0000000020000972        0x2 Core/Src/main.o
                0x0000000020000972                imgIndex
 .bss.heap_end.6424
                0x0000000020000974        0x4 Core/Src/sysmem.o
 .bss.fpos.9197
                0x0000000020000978        0x4 Core/Src/ublox_gps.o
 .bss.currentMsgType.9199
                0x000000002000097c        0x1 Core/Src/ublox_gps.o
 *fill*         0x000000002000097d        0x3 
 .bss.checksum.9198
                0x0000000020000980        0x2 Core/Src/ublox_gps.o
 *fill*         0x0000000020000982        0x2 
 .bss.huart1    0x0000000020000984       0x80 Core/Src/usart.o
                0x0000000020000984                huart1
 .bss.huart2    0x0000000020000a04       0x80 Core/Src/usart.o
                0x0000000020000a04                huart2
 .bss.hdma_usart1_rx
                0x0000000020000a84       0x48 Core/Src/usart.o
                0x0000000020000a84                hdma_usart1_rx
 .bss.hdma_usart2_tx
                0x0000000020000acc       0x48 Core/Src/usart.o
                0x0000000020000acc                hdma_usart2_tx
 .bss.__malloc_free_list
                0x0000000020000b14        0x4 d:/program files/stm32cubeide_1.2.0/stm32cubeide/plugins/com.st.stm32cube.ide.mcu.externaltools.gnu-tools-for-stm32.7-2018-q2-update.win32_1.0.0.201904181610/tools/bin/../lib/gcc/arm-none-eabi/7.3.1/../../../../arm-none-eabi/lib/thumb/v7e-m/fpv4-sp/hard\libc_nano.a(lib_a-nano-mallocr.o)
                0x0000000020000b14                __malloc_free_list
 .bss.__malloc_sbrk_start
                0x0000000020000b18        0x4 d:/program files/stm32cubeide_1.2.0/stm32cubeide/plugins/com.st.stm32cube.ide.mcu.externaltools.gnu-tools-for-stm32.7-2018-q2-update.win32_1.0.0.201904181610/tools/bin/../lib/gcc/arm-none-eabi/7.3.1/../../../../arm-none-eabi/lib/thumb/v7e-m/fpv4-sp/hard\libc_nano.a(lib_a-nano-mallocr.o)
                0x0000000020000b18                __malloc_sbrk_start
 *(COMMON)
 COMMON         0x0000000020000b1c        0x4 Drivers/STM32L4xx_HAL_Driver/Src/stm32l4xx_hal.o
                0x0000000020000b1c                uwTick
 COMMON         0x0000000020000b20        0x4 d:/program files/stm32cubeide_1.2.0/stm32cubeide/plugins/com.st.stm32cube.ide.mcu.externaltools.gnu-tools-for-stm32.7-2018-q2-update.win32_1.0.0.201904181610/tools/bin/../lib/gcc/arm-none-eabi/7.3.1/../../../../arm-none-eabi/lib/thumb/v7e-m/fpv4-sp/hard\libc_nano.a(lib_a-reent.o)
                0x0000000020000b20                errno
                0x0000000020000b24                . = ALIGN (0x4)
                0x0000000020000b24                _ebss = .
                0x0000000020000b24                __bss_end__ = _ebss

._user_heap_stack
                0x0000000020000b24     0x2404 load address 0x000000000800468c
                0x0000000020000b28                . = ALIGN (0x8)
 *fill*         0x0000000020000b24        0x4 
                0x0000000020000b28                PROVIDE (end = .)
                [!provide]                        PROVIDE (_end = .)
                0x0000000020000f28                . = (. + _Min_Heap_Size)
 *fill*         0x0000000020000b28      0x400 
                0x0000000020002f28                . = (. + _Min_Stack_Size)
 *fill*         0x0000000020000f28     0x2000 
                0x0000000020002f28                . = ALIGN (0x8)

/DISCARD/
 libc.a(*)
 libm.a(*)
 libgcc.a(*)

.ARM.attributes
                0x0000000000000000       0x30
 *(.ARM.attributes)
 .ARM.attributes
                0x0000000000000000       0x22 d:/program files/stm32cubeide_1.2.0/stm32cubeide/plugins/com.st.stm32cube.ide.mcu.externaltools.gnu-tools-for-stm32.7-2018-q2-update.win32_1.0.0.201904181610/tools/bin/../lib/gcc/arm-none-eabi/7.3.1/thumb/v7e-m/fpv4-sp/hard/crti.o
 .ARM.attributes
                0x0000000000000022       0x34 d:/program files/stm32cubeide_1.2.0/stm32cubeide/plugins/com.st.stm32cube.ide.mcu.externaltools.gnu-tools-for-stm32.7-2018-q2-update.win32_1.0.0.201904181610/tools/bin/../lib/gcc/arm-none-eabi/7.3.1/thumb/v7e-m/fpv4-sp/hard/crtbegin.o
 .ARM.attributes
                0x0000000000000056       0x39 Core/Src/CircularBuffer.o
 .ARM.attributes
                0x000000000000008f       0x39 Core/Src/gpio.o
 .ARM.attributes
                0x00000000000000c8       0x39 Core/Src/main.o
 .ARM.attributes
                0x0000000000000101       0x39 Core/Src/stm32l4xx_hal_msp.o
 .ARM.attributes
                0x000000000000013a       0x39 Core/Src/stm32l4xx_it.o
 .ARM.attributes
                0x0000000000000173       0x39 Core/Src/sysmem.o
 .ARM.attributes
                0x00000000000001ac       0x39 Core/Src/system_stm32l4xx.o
 .ARM.attributes
                0x00000000000001e5       0x39 Core/Src/ublox_gps.o
 .ARM.attributes
                0x000000000000021e       0x39 Core/Src/usart.o
 .ARM.attributes
                0x0000000000000257       0x21 Core/Startup/startup_stm32l412kbux.o
 .ARM.attributes
                0x0000000000000278       0x39 Drivers/STM32L4xx_HAL_Driver/Src/stm32l4xx_hal.o
 .ARM.attributes
                0x00000000000002b1       0x39 Drivers/STM32L4xx_HAL_Driver/Src/stm32l4xx_hal_cortex.o
 .ARM.attributes
                0x00000000000002ea       0x39 Drivers/STM32L4xx_HAL_Driver/Src/stm32l4xx_hal_dma.o
 .ARM.attributes
                0x0000000000000323       0x39 Drivers/STM32L4xx_HAL_Driver/Src/stm32l4xx_hal_gpio.o
 .ARM.attributes
                0x000000000000035c       0x39 Drivers/STM32L4xx_HAL_Driver/Src/stm32l4xx_hal_pwr_ex.o
 .ARM.attributes
                0x0000000000000395       0x39 Drivers/STM32L4xx_HAL_Driver/Src/stm32l4xx_hal_rcc.o
 .ARM.attributes
                0x00000000000003ce       0x39 Drivers/STM32L4xx_HAL_Driver/Src/stm32l4xx_hal_rcc_ex.o
 .ARM.attributes
                0x0000000000000407       0x39 Drivers/STM32L4xx_HAL_Driver/Src/stm32l4xx_hal_uart.o
 .ARM.attributes
                0x0000000000000440       0x39 Drivers/STM32L4xx_HAL_Driver/Src/stm32l4xx_hal_uart_ex.o
 .ARM.attributes
                0x0000000000000479       0x34 d:/program files/stm32cubeide_1.2.0/stm32cubeide/plugins/com.st.stm32cube.ide.mcu.externaltools.gnu-tools-for-stm32.7-2018-q2-update.win32_1.0.0.201904181610/tools/bin/../lib/gcc/arm-none-eabi/7.3.1/../../../../arm-none-eabi/lib/thumb/v7e-m/fpv4-sp/hard\libc_nano.a(lib_a-errno.o)
 .ARM.attributes
                0x00000000000004ad       0x34 d:/program files/stm32cubeide_1.2.0/stm32cubeide/plugins/com.st.stm32cube.ide.mcu.externaltools.gnu-tools-for-stm32.7-2018-q2-update.win32_1.0.0.201904181610/tools/bin/../lib/gcc/arm-none-eabi/7.3.1/../../../../arm-none-eabi/lib/thumb/v7e-m/fpv4-sp/hard\libc_nano.a(lib_a-impure.o)
 .ARM.attributes
                0x00000000000004e1       0x34 d:/program files/stm32cubeide_1.2.0/stm32cubeide/plugins/com.st.stm32cube.ide.mcu.externaltools.gnu-tools-for-stm32.7-2018-q2-update.win32_1.0.0.201904181610/tools/bin/../lib/gcc/arm-none-eabi/7.3.1/../../../../arm-none-eabi/lib/thumb/v7e-m/fpv4-sp/hard\libc_nano.a(lib_a-init.o)
 .ARM.attributes
                0x0000000000000515       0x34 d:/program files/stm32cubeide_1.2.0/stm32cubeide/plugins/com.st.stm32cube.ide.mcu.externaltools.gnu-tools-for-stm32.7-2018-q2-update.win32_1.0.0.201904181610/tools/bin/../lib/gcc/arm-none-eabi/7.3.1/../../../../arm-none-eabi/lib/thumb/v7e-m/fpv4-sp/hard\libc_nano.a(lib_a-memset.o)
 .ARM.attributes
                0x0000000000000549       0x34 d:/program files/stm32cubeide_1.2.0/stm32cubeide/plugins/com.st.stm32cube.ide.mcu.externaltools.gnu-tools-for-stm32.7-2018-q2-update.win32_1.0.0.201904181610/tools/bin/../lib/gcc/arm-none-eabi/7.3.1/../../../../arm-none-eabi/lib/thumb/v7e-m/fpv4-sp/hard\libc_nano.a(lib_a-snprintf.o)
 .ARM.attributes
                0x000000000000057d       0x1b d:/program files/stm32cubeide_1.2.0/stm32cubeide/plugins/com.st.stm32cube.ide.mcu.externaltools.gnu-tools-for-stm32.7-2018-q2-update.win32_1.0.0.201904181610/tools/bin/../lib/gcc/arm-none-eabi/7.3.1/../../../../arm-none-eabi/lib/thumb/v7e-m/fpv4-sp/hard\libc_nano.a(lib_a-strlen.o)
 .ARM.attributes
                0x0000000000000598       0x34 d:/program files/stm32cubeide_1.2.0/stm32cubeide/plugins/com.st.stm32cube.ide.mcu.externaltools.gnu-tools-for-stm32.7-2018-q2-update.win32_1.0.0.201904181610/tools/bin/../lib/gcc/arm-none-eabi/7.3.1/../../../../arm-none-eabi/lib/thumb/v7e-m/fpv4-sp/hard\libc_nano.a(lib_a-nano-svfprintf.o)
 .ARM.attributes
                0x00000000000005cc       0x34 d:/program files/stm32cubeide_1.2.0/stm32cubeide/plugins/com.st.stm32cube.ide.mcu.externaltools.gnu-tools-for-stm32.7-2018-q2-update.win32_1.0.0.201904181610/tools/bin/../lib/gcc/arm-none-eabi/7.3.1/../../../../arm-none-eabi/lib/thumb/v7e-m/fpv4-sp/hard\libc_nano.a(lib_a-nano-vfprintf_i.o)
 .ARM.attributes
                0x0000000000000600       0x20 d:/program files/stm32cubeide_1.2.0/stm32cubeide/plugins/com.st.stm32cube.ide.mcu.externaltools.gnu-tools-for-stm32.7-2018-q2-update.win32_1.0.0.201904181610/tools/bin/../lib/gcc/arm-none-eabi/7.3.1/../../../../arm-none-eabi/lib/thumb/v7e-m/fpv4-sp/hard\libc_nano.a(lib_a-memchr.o)
 .ARM.attributes
                0x0000000000000620       0x34 d:/program files/stm32cubeide_1.2.0/stm32cubeide/plugins/com.st.stm32cube.ide.mcu.externaltools.gnu-tools-for-stm32.7-2018-q2-update.win32_1.0.0.201904181610/tools/bin/../lib/gcc/arm-none-eabi/7.3.1/../../../../arm-none-eabi/lib/thumb/v7e-m/fpv4-sp/hard\libc_nano.a(lib_a-memcpy-stub.o)
 .ARM.attributes
                0x0000000000000654       0x34 d:/program files/stm32cubeide_1.2.0/stm32cubeide/plugins/com.st.stm32cube.ide.mcu.externaltools.gnu-tools-for-stm32.7-2018-q2-update.win32_1.0.0.201904181610/tools/bin/../lib/gcc/arm-none-eabi/7.3.1/../../../../arm-none-eabi/lib/thumb/v7e-m/fpv4-sp/hard\libc_nano.a(lib_a-memmove.o)
 .ARM.attributes
                0x0000000000000688       0x34 d:/program files/stm32cubeide_1.2.0/stm32cubeide/plugins/com.st.stm32cube.ide.mcu.externaltools.gnu-tools-for-stm32.7-2018-q2-update.win32_1.0.0.201904181610/tools/bin/../lib/gcc/arm-none-eabi/7.3.1/../../../../arm-none-eabi/lib/thumb/v7e-m/fpv4-sp/hard\libc_nano.a(lib_a-nano-freer.o)
 .ARM.attributes
                0x00000000000006bc       0x34 d:/program files/stm32cubeide_1.2.0/stm32cubeide/plugins/com.st.stm32cube.ide.mcu.externaltools.gnu-tools-for-stm32.7-2018-q2-update.win32_1.0.0.201904181610/tools/bin/../lib/gcc/arm-none-eabi/7.3.1/../../../../arm-none-eabi/lib/thumb/v7e-m/fpv4-sp/hard\libc_nano.a(lib_a-nano-mallocr.o)
 .ARM.attributes
                0x00000000000006f0       0x34 d:/program files/stm32cubeide_1.2.0/stm32cubeide/plugins/com.st.stm32cube.ide.mcu.externaltools.gnu-tools-for-stm32.7-2018-q2-update.win32_1.0.0.201904181610/tools/bin/../lib/gcc/arm-none-eabi/7.3.1/../../../../arm-none-eabi/lib/thumb/v7e-m/fpv4-sp/hard\libc_nano.a(lib_a-nano-reallocr.o)
 .ARM.attributes
                0x0000000000000724       0x34 d:/program files/stm32cubeide_1.2.0/stm32cubeide/plugins/com.st.stm32cube.ide.mcu.externaltools.gnu-tools-for-stm32.7-2018-q2-update.win32_1.0.0.201904181610/tools/bin/../lib/gcc/arm-none-eabi/7.3.1/../../../../arm-none-eabi/lib/thumb/v7e-m/fpv4-sp/hard\libc_nano.a(lib_a-sbrkr.o)
 .ARM.attributes
                0x0000000000000758       0x34 d:/program files/stm32cubeide_1.2.0/stm32cubeide/plugins/com.st.stm32cube.ide.mcu.externaltools.gnu-tools-for-stm32.7-2018-q2-update.win32_1.0.0.201904181610/tools/bin/../lib/gcc/arm-none-eabi/7.3.1/../../../../arm-none-eabi/lib/thumb/v7e-m/fpv4-sp/hard\libc_nano.a(lib_a-mlock.o)
 .ARM.attributes
                0x000000000000078c       0x34 d:/program files/stm32cubeide_1.2.0/stm32cubeide/plugins/com.st.stm32cube.ide.mcu.externaltools.gnu-tools-for-stm32.7-2018-q2-update.win32_1.0.0.201904181610/tools/bin/../lib/gcc/arm-none-eabi/7.3.1/../../../../arm-none-eabi/lib/thumb/v7e-m/fpv4-sp/hard\libc_nano.a(lib_a-nano-msizer.o)
 .ARM.attributes
                0x00000000000007c0       0x34 d:/program files/stm32cubeide_1.2.0/stm32cubeide/plugins/com.st.stm32cube.ide.mcu.externaltools.gnu-tools-for-stm32.7-2018-q2-update.win32_1.0.0.201904181610/tools/bin/../lib/gcc/arm-none-eabi/7.3.1/../../../../arm-none-eabi/lib/thumb/v7e-m/fpv4-sp/hard\libc_nano.a(lib_a-reent.o)
 .ARM.attributes
                0x00000000000007f4       0x22 d:/program files/stm32cubeide_1.2.0/stm32cubeide/plugins/com.st.stm32cube.ide.mcu.externaltools.gnu-tools-for-stm32.7-2018-q2-update.win32_1.0.0.201904181610/tools/bin/../lib/gcc/arm-none-eabi/7.3.1/thumb/v7e-m/fpv4-sp/hard\libgcc.a(_aeabi_uldivmod.o)
 .ARM.attributes
                0x0000000000000816       0x34 d:/program files/stm32cubeide_1.2.0/stm32cubeide/plugins/com.st.stm32cube.ide.mcu.externaltools.gnu-tools-for-stm32.7-2018-q2-update.win32_1.0.0.201904181610/tools/bin/../lib/gcc/arm-none-eabi/7.3.1/thumb/v7e-m/fpv4-sp/hard\libgcc.a(_udivmoddi4.o)
 .ARM.attributes
                0x000000000000084a       0x22 d:/program files/stm32cubeide_1.2.0/stm32cubeide/plugins/com.st.stm32cube.ide.mcu.externaltools.gnu-tools-for-stm32.7-2018-q2-update.win32_1.0.0.201904181610/tools/bin/../lib/gcc/arm-none-eabi/7.3.1/thumb/v7e-m/fpv4-sp/hard\libgcc.a(_dvmd_tls.o)
 .ARM.attributes
                0x000000000000086c       0x22 d:/program files/stm32cubeide_1.2.0/stm32cubeide/plugins/com.st.stm32cube.ide.mcu.externaltools.gnu-tools-for-stm32.7-2018-q2-update.win32_1.0.0.201904181610/tools/bin/../lib/gcc/arm-none-eabi/7.3.1/thumb/v7e-m/fpv4-sp/hard/crtn.o
OUTPUT(STM32L4Nucleo.elf elf32-littlearm)

.debug_info     0x0000000000000000     0xe1f3
 .debug_info    0x0000000000000000      0xcc3 Core/Src/CircularBuffer.o
 .debug_info    0x0000000000000cc3      0x7c0 Core/Src/gpio.o
 .debug_info    0x0000000000001483     0x1e63 Core/Src/main.o
 .debug_info    0x00000000000032e6      0x4d5 Core/Src/stm32l4xx_hal_msp.o
 .debug_info    0x00000000000037bb      0x8a9 Core/Src/stm32l4xx_it.o
 .debug_info    0x0000000000004064      0x91c Core/Src/sysmem.o
 .debug_info    0x0000000000004980      0x703 Core/Src/system_stm32l4xx.o
 .debug_info    0x0000000000005083      0xfc4 Core/Src/ublox_gps.o
 .debug_info    0x0000000000006047      0xe67 Core/Src/usart.o
 .debug_info    0x0000000000006eae       0x22 Core/Startup/startup_stm32l412kbux.o
 .debug_info    0x0000000000006ed0      0xa77 Drivers/STM32L4xx_HAL_Driver/Src/stm32l4xx_hal.o
 .debug_info    0x0000000000007947      0xea6 Drivers/STM32L4xx_HAL_Driver/Src/stm32l4xx_hal_cortex.o
 .debug_info    0x00000000000087ed      0x8c1 Drivers/STM32L4xx_HAL_Driver/Src/stm32l4xx_hal_dma.o
 .debug_info    0x00000000000090ae      0x982 Drivers/STM32L4xx_HAL_Driver/Src/stm32l4xx_hal_gpio.o
 .debug_info    0x0000000000009a30      0xaf2 Drivers/STM32L4xx_HAL_Driver/Src/stm32l4xx_hal_pwr_ex.o
 .debug_info    0x000000000000a522      0xcca Drivers/STM32L4xx_HAL_Driver/Src/stm32l4xx_hal_rcc.o
 .debug_info    0x000000000000b1ec      0xde6 Drivers/STM32L4xx_HAL_Driver/Src/stm32l4xx_hal_rcc_ex.o
 .debug_info    0x000000000000bfd2     0x181b Drivers/STM32L4xx_HAL_Driver/Src/stm32l4xx_hal_uart.o
 .debug_info    0x000000000000d7ed      0xa06 Drivers/STM32L4xx_HAL_Driver/Src/stm32l4xx_hal_uart_ex.o

.debug_abbrev   0x0000000000000000     0x2312
 .debug_abbrev  0x0000000000000000      0x23e Core/Src/CircularBuffer.o
 .debug_abbrev  0x000000000000023e      0x13d Core/Src/gpio.o
 .debug_abbrev  0x000000000000037b      0x35a Core/Src/main.o
 .debug_abbrev  0x00000000000006d5      0x125 Core/Src/stm32l4xx_hal_msp.o
 .debug_abbrev  0x00000000000007fa      0x161 Core/Src/stm32l4xx_it.o
 .debug_abbrev  0x000000000000095b      0x1bb Core/Src/sysmem.o
 .debug_abbrev  0x0000000000000b16      0x150 Core/Src/system_stm32l4xx.o
 .debug_abbrev  0x0000000000000c66      0x25d Core/Src/ublox_gps.o
 .debug_abbrev  0x0000000000000ec3      0x1c3 Core/Src/usart.o
 .debug_abbrev  0x0000000000001086       0x12 Core/Startup/startup_stm32l412kbux.o
 .debug_abbrev  0x0000000000001098      0x1e1 Drivers/STM32L4xx_HAL_Driver/Src/stm32l4xx_hal.o
 .debug_abbrev  0x0000000000001279      0x2fa Drivers/STM32L4xx_HAL_Driver/Src/stm32l4xx_hal_cortex.o
 .debug_abbrev  0x0000000000001573      0x1d9 Drivers/STM32L4xx_HAL_Driver/Src/stm32l4xx_hal_dma.o
 .debug_abbrev  0x000000000000174c      0x1c0 Drivers/STM32L4xx_HAL_Driver/Src/stm32l4xx_hal_gpio.o
 .debug_abbrev  0x000000000000190c      0x1cb Drivers/STM32L4xx_HAL_Driver/Src/stm32l4xx_hal_pwr_ex.o
 .debug_abbrev  0x0000000000001ad7      0x250 Drivers/STM32L4xx_HAL_Driver/Src/stm32l4xx_hal_rcc.o
 .debug_abbrev  0x0000000000001d27      0x204 Drivers/STM32L4xx_HAL_Driver/Src/stm32l4xx_hal_rcc_ex.o
 .debug_abbrev  0x0000000000001f2b      0x205 Drivers/STM32L4xx_HAL_Driver/Src/stm32l4xx_hal_uart.o
 .debug_abbrev  0x0000000000002130      0x1e2 Drivers/STM32L4xx_HAL_Driver/Src/stm32l4xx_hal_uart_ex.o

.debug_aranges  0x0000000000000000      0xa48
 .debug_aranges
                0x0000000000000000       0x50 Core/Src/CircularBuffer.o
 .debug_aranges
                0x0000000000000050       0x20 Core/Src/gpio.o
 .debug_aranges
                0x0000000000000070       0x50 Core/Src/main.o
 .debug_aranges
                0x00000000000000c0       0x20 Core/Src/stm32l4xx_hal_msp.o
 .debug_aranges
                0x00000000000000e0       0x88 Core/Src/stm32l4xx_it.o
 .debug_aranges
                0x0000000000000168       0x20 Core/Src/sysmem.o
 .debug_aranges
                0x0000000000000188       0x28 Core/Src/system_stm32l4xx.o
 .debug_aranges
                0x00000000000001b0       0x30 Core/Src/ublox_gps.o
 .debug_aranges
                0x00000000000001e0       0x38 Core/Src/usart.o
 .debug_aranges
                0x0000000000000218       0x28 Core/Startup/startup_stm32l412kbux.o
 .debug_aranges
                0x0000000000000240      0x108 Drivers/STM32L4xx_HAL_Driver/Src/stm32l4xx_hal.o
 .debug_aranges
                0x0000000000000348      0x118 Drivers/STM32L4xx_HAL_Driver/Src/stm32l4xx_hal_cortex.o
 .debug_aranges
                0x0000000000000460       0x80 Drivers/STM32L4xx_HAL_Driver/Src/stm32l4xx_hal_dma.o
 .debug_aranges
                0x00000000000004e0       0x58 Drivers/STM32L4xx_HAL_Driver/Src/stm32l4xx_hal_gpio.o
 .debug_aranges
                0x0000000000000538      0x148 Drivers/STM32L4xx_HAL_Driver/Src/stm32l4xx_hal_pwr_ex.o
 .debug_aranges
                0x0000000000000680       0x88 Drivers/STM32L4xx_HAL_Driver/Src/stm32l4xx_hal_rcc.o
 .debug_aranges
                0x0000000000000708       0xd0 Drivers/STM32L4xx_HAL_Driver/Src/stm32l4xx_hal_rcc_ex.o
 .debug_aranges
                0x00000000000007d8      0x210 Drivers/STM32L4xx_HAL_Driver/Src/stm32l4xx_hal_uart.o
 .debug_aranges
                0x00000000000009e8       0x60 Drivers/STM32L4xx_HAL_Driver/Src/stm32l4xx_hal_uart_ex.o

.debug_ranges   0x0000000000000000      0x920
 .debug_ranges  0x0000000000000000       0x40 Core/Src/CircularBuffer.o
 .debug_ranges  0x0000000000000040       0x10 Core/Src/gpio.o
 .debug_ranges  0x0000000000000050       0x40 Core/Src/main.o
 .debug_ranges  0x0000000000000090       0x10 Core/Src/stm32l4xx_hal_msp.o
 .debug_ranges  0x00000000000000a0       0x78 Core/Src/stm32l4xx_it.o
 .debug_ranges  0x0000000000000118       0x10 Core/Src/sysmem.o
 .debug_ranges  0x0000000000000128       0x18 Core/Src/system_stm32l4xx.o
 .debug_ranges  0x0000000000000140       0x20 Core/Src/ublox_gps.o
 .debug_ranges  0x0000000000000160       0x28 Core/Src/usart.o
 .debug_ranges  0x0000000000000188       0x20 Core/Startup/startup_stm32l412kbux.o
 .debug_ranges  0x00000000000001a8       0xf8 Drivers/STM32L4xx_HAL_Driver/Src/stm32l4xx_hal.o
 .debug_ranges  0x00000000000002a0      0x108 Drivers/STM32L4xx_HAL_Driver/Src/stm32l4xx_hal_cortex.o
 .debug_ranges  0x00000000000003a8       0x70 Drivers/STM32L4xx_HAL_Driver/Src/stm32l4xx_hal_dma.o
 .debug_ranges  0x0000000000000418       0x48 Drivers/STM32L4xx_HAL_Driver/Src/stm32l4xx_hal_gpio.o
 .debug_ranges  0x0000000000000460      0x138 Drivers/STM32L4xx_HAL_Driver/Src/stm32l4xx_hal_pwr_ex.o
 .debug_ranges  0x0000000000000598       0x78 Drivers/STM32L4xx_HAL_Driver/Src/stm32l4xx_hal_rcc.o
 .debug_ranges  0x0000000000000610       0xc0 Drivers/STM32L4xx_HAL_Driver/Src/stm32l4xx_hal_rcc_ex.o
 .debug_ranges  0x00000000000006d0      0x200 Drivers/STM32L4xx_HAL_Driver/Src/stm32l4xx_hal_uart.o
 .debug_ranges  0x00000000000008d0       0x50 Drivers/STM32L4xx_HAL_Driver/Src/stm32l4xx_hal_uart_ex.o

.debug_macro    0x0000000000000000    0x1d1c8
 .debug_macro   0x0000000000000000      0x2a4 Core/Src/CircularBuffer.o
 .debug_macro   0x00000000000002a4      0xa5a Core/Src/CircularBuffer.o
 .debug_macro   0x0000000000000cfe       0x2e Core/Src/CircularBuffer.o
 .debug_macro   0x0000000000000d2c       0x28 Core/Src/CircularBuffer.o
 .debug_macro   0x0000000000000d54       0x22 Core/Src/CircularBuffer.o
 .debug_macro   0x0000000000000d76       0x8e Core/Src/CircularBuffer.o
 .debug_macro   0x0000000000000e04       0x51 Core/Src/CircularBuffer.o
 .debug_macro   0x0000000000000e55       0xef Core/Src/CircularBuffer.o
 .debug_macro   0x0000000000000f44       0x6a Core/Src/CircularBuffer.o
 .debug_macro   0x0000000000000fae      0x1df Core/Src/CircularBuffer.o
 .debug_macro   0x000000000000118d       0x1c Core/Src/CircularBuffer.o
 .debug_macro   0x00000000000011a9       0x22 Core/Src/CircularBuffer.o
 .debug_macro   0x00000000000011cb       0xdf Core/Src/CircularBuffer.o
 .debug_macro   0x00000000000012aa     0x102d Core/Src/CircularBuffer.o
 .debug_macro   0x00000000000022d7      0x11f Core/Src/CircularBuffer.o
 .debug_macro   0x00000000000023f6     0xe479 Core/Src/CircularBuffer.o
 .debug_macro   0x000000000001086f       0x43 Core/Src/CircularBuffer.o
 .debug_macro   0x00000000000108b2       0xba Core/Src/CircularBuffer.o
 .debug_macro   0x000000000001096c     0x3889 Core/Src/CircularBuffer.o
 .debug_macro   0x00000000000141f5      0x174 Core/Src/CircularBuffer.o
 .debug_macro   0x0000000000014369       0x5c Core/Src/CircularBuffer.o
 .debug_macro   0x00000000000143c5     0x101f Core/Src/CircularBuffer.o
 .debug_macro   0x00000000000153e4      0x494 Core/Src/CircularBuffer.o
 .debug_macro   0x0000000000015878      0x21d Core/Src/CircularBuffer.o
 .debug_macro   0x0000000000015a95      0x13d Core/Src/CircularBuffer.o
 .debug_macro   0x0000000000015bd2       0xd7 Core/Src/CircularBuffer.o
 .debug_macro   0x0000000000015ca9      0x26b Core/Src/CircularBuffer.o
 .debug_macro   0x0000000000015f14      0x23d Core/Src/CircularBuffer.o
 .debug_macro   0x0000000000016151      0x375 Core/Src/CircularBuffer.o
 .debug_macro   0x00000000000164c6       0xd6 Core/Src/CircularBuffer.o
 .debug_macro   0x000000000001659c      0x22c Core/Src/CircularBuffer.o
 .debug_macro   0x00000000000167c8       0x5e Core/Src/CircularBuffer.o
 .debug_macro   0x0000000000016826       0xa5 Core/Src/CircularBuffer.o
 .debug_macro   0x00000000000168cb      0x122 Core/Src/CircularBuffer.o
 .debug_macro   0x00000000000169ed      0x365 Core/Src/CircularBuffer.o
 .debug_macro   0x0000000000016d52      0x59e Core/Src/CircularBuffer.o
 .debug_macro   0x00000000000172f0       0x44 Core/Src/CircularBuffer.o
 .debug_macro   0x0000000000017334      0x23a Core/Src/CircularBuffer.o
 .debug_macro   0x000000000001756e       0x46 Core/Src/CircularBuffer.o
 .debug_macro   0x00000000000175b4       0x18 Core/Src/CircularBuffer.o
 .debug_macro   0x00000000000175cc       0x3c Core/Src/CircularBuffer.o
 .debug_macro   0x0000000000017608       0x34 Core/Src/CircularBuffer.o
 .debug_macro   0x000000000001763c       0x52 Core/Src/CircularBuffer.o
 .debug_macro   0x000000000001768e       0x1f Core/Src/CircularBuffer.o
 .debug_macro   0x00000000000176ad       0x43 Core/Src/CircularBuffer.o
 .debug_macro   0x00000000000176f0       0x20 Core/Src/CircularBuffer.o
 .debug_macro   0x0000000000017710      0x1a3 Core/Src/CircularBuffer.o
 .debug_macro   0x00000000000178b3      0x32a Core/Src/CircularBuffer.o
 .debug_macro   0x0000000000017bdd       0x10 Core/Src/CircularBuffer.o
 .debug_macro   0x0000000000017bed       0x35 Core/Src/CircularBuffer.o
 .debug_macro   0x0000000000017c22       0x20 Core/Src/CircularBuffer.o
 .debug_macro   0x0000000000017c42       0x16 Core/Src/CircularBuffer.o
 .debug_macro   0x0000000000017c58      0x1ed Core/Src/gpio.o
 .debug_macro   0x0000000000017e45      0x428 Core/Src/main.o
 .debug_macro   0x000000000001826d      0xb2c Core/Src/main.o
 .debug_macro   0x0000000000018d99       0x1c Core/Src/main.o
 .debug_macro   0x0000000000018db5     0x102d Core/Src/main.o
 .debug_macro   0x0000000000019de2      0x17b Core/Src/main.o
 .debug_macro   0x0000000000019f5d      0x168 Core/Src/main.o
 .debug_macro   0x000000000001a0c5       0x10 Core/Src/main.o
 .debug_macro   0x000000000001a0d5      0x3f4 Core/Src/main.o
 .debug_macro   0x000000000001a4c9       0x10 Core/Src/main.o
 .debug_macro   0x000000000001a4d9       0x34 Core/Src/main.o
 .debug_macro   0x000000000001a50d       0x16 Core/Src/main.o
 .debug_macro   0x000000000001a523       0x35 Core/Src/main.o
 .debug_macro   0x000000000001a558       0x43 Core/Src/main.o
 .debug_macro   0x000000000001a59b      0x34d Core/Src/main.o
 .debug_macro   0x000000000001a8e8       0x16 Core/Src/main.o
 .debug_macro   0x000000000001a8fe       0x29 Core/Src/main.o
 .debug_macro   0x000000000001a927       0x1c Core/Src/main.o
 .debug_macro   0x000000000001a943       0xde Core/Src/main.o
 .debug_macro   0x000000000001aa21       0x1c Core/Src/main.o
 .debug_macro   0x000000000001aa3d       0x10 Core/Src/main.o
 .debug_macro   0x000000000001aa4d       0x10 Core/Src/main.o
 .debug_macro   0x000000000001aa5d       0x1c Core/Src/main.o
 .debug_macro   0x000000000001aa79       0x52 Core/Src/main.o
 .debug_macro   0x000000000001aacb       0x40 Core/Src/main.o
 .debug_macro   0x000000000001ab0b       0x10 Core/Src/main.o
 .debug_macro   0x000000000001ab1b       0x40 Core/Src/main.o
 .debug_macro   0x000000000001ab5b       0xd7 Core/Src/main.o
 .debug_macro   0x000000000001ac32       0x1c Core/Src/main.o
 .debug_macro   0x000000000001ac4e       0x3d Core/Src/main.o
 .debug_macro   0x000000000001ac8b       0x16 Core/Src/main.o
 .debug_macro   0x000000000001aca1      0x137 Core/Src/main.o
 .debug_macro   0x000000000001add8       0x16 Core/Src/main.o
 .debug_macro   0x000000000001adee       0x16 Core/Src/main.o
 .debug_macro   0x000000000001ae04      0x1e3 Core/Src/stm32l4xx_hal_msp.o
 .debug_macro   0x000000000001afe7      0x1ed Core/Src/stm32l4xx_it.o
 .debug_macro   0x000000000001b1d4      0x1ae Core/Src/sysmem.o
 .debug_macro   0x000000000001b382      0x23b Core/Src/sysmem.o
 .debug_macro   0x000000000001b5bd       0x16 Core/Src/sysmem.o
 .debug_macro   0x000000000001b5d3      0x1da Core/Src/system_stm32l4xx.o
 .debug_macro   0x000000000001b7ad      0x376 Core/Src/ublox_gps.o
 .debug_macro   0x000000000001bb23       0x97 Core/Src/ublox_gps.o
 .debug_macro   0x000000000001bbba       0xfd Core/Src/ublox_gps.o
 .debug_macro   0x000000000001bcb7       0x22 Core/Src/ublox_gps.o
 .debug_macro   0x000000000001bcd9       0xd9 Core/Src/ublox_gps.o
 .debug_macro   0x000000000001bdb2       0x56 Core/Src/ublox_gps.o
 .debug_macro   0x000000000001be08      0x1fe Core/Src/usart.o
 .debug_macro   0x000000000001c006      0x21c Drivers/STM32L4xx_HAL_Driver/Src/stm32l4xx_hal.o
 .debug_macro   0x000000000001c222      0x1d4 Drivers/STM32L4xx_HAL_Driver/Src/stm32l4xx_hal_cortex.o
 .debug_macro   0x000000000001c3f6      0x1d4 Drivers/STM32L4xx_HAL_Driver/Src/stm32l4xx_hal_dma.o
 .debug_macro   0x000000000001c5ca      0x213 Drivers/STM32L4xx_HAL_Driver/Src/stm32l4xx_hal_gpio.o
 .debug_macro   0x000000000001c7dd      0x1f8 Drivers/STM32L4xx_HAL_Driver/Src/stm32l4xx_hal_pwr_ex.o
 .debug_macro   0x000000000001c9d5      0x216 Drivers/STM32L4xx_HAL_Driver/Src/stm32l4xx_hal_rcc.o
 .debug_macro   0x000000000001cbeb      0x20a Drivers/STM32L4xx_HAL_Driver/Src/stm32l4xx_hal_rcc_ex.o
 .debug_macro   0x000000000001cdf5      0x1ff Drivers/STM32L4xx_HAL_Driver/Src/stm32l4xx_hal_uart.o
 .debug_macro   0x000000000001cff4      0x1d4 Drivers/STM32L4xx_HAL_Driver/Src/stm32l4xx_hal_uart_ex.o

.debug_line     0x0000000000000000     0xab41
 .debug_line    0x0000000000000000      0x95d Core/Src/CircularBuffer.o
 .debug_line    0x000000000000095d      0x712 Core/Src/gpio.o
 .debug_line    0x000000000000106f      0xd38 Core/Src/main.o
 .debug_line    0x0000000000001da7      0x708 Core/Src/stm32l4xx_hal_msp.o
 .debug_line    0x00000000000024af      0x806 Core/Src/stm32l4xx_it.o
 .debug_line    0x0000000000002cb5      0x595 Core/Src/sysmem.o
 .debug_line    0x000000000000324a      0x733 Core/Src/system_stm32l4xx.o
 .debug_line    0x000000000000397d      0x9bc Core/Src/ublox_gps.o
 .debug_line    0x0000000000004339      0x78d Core/Src/usart.o
 .debug_line    0x0000000000004ac6       0x85 Core/Startup/startup_stm32l412kbux.o
 .debug_line    0x0000000000004b4b      0x946 Drivers/STM32L4xx_HAL_Driver/Src/stm32l4xx_hal.o
 .debug_line    0x0000000000005491      0xa2f Drivers/STM32L4xx_HAL_Driver/Src/stm32l4xx_hal_cortex.o
 .debug_line    0x0000000000005ec0      0x92c Drivers/STM32L4xx_HAL_Driver/Src/stm32l4xx_hal_dma.o
 .debug_line    0x00000000000067ec      0x885 Drivers/STM32L4xx_HAL_Driver/Src/stm32l4xx_hal_gpio.o
 .debug_line    0x0000000000007071      0xa88 Drivers/STM32L4xx_HAL_Driver/Src/stm32l4xx_hal_pwr_ex.o
 .debug_line    0x0000000000007af9      0xa33 Drivers/STM32L4xx_HAL_Driver/Src/stm32l4xx_hal_rcc.o
 .debug_line    0x000000000000852c      0xb47 Drivers/STM32L4xx_HAL_Driver/Src/stm32l4xx_hal_rcc_ex.o
 .debug_line    0x0000000000009073     0x1273 Drivers/STM32L4xx_HAL_Driver/Src/stm32l4xx_hal_uart.o
 .debug_line    0x000000000000a2e6      0x85b Drivers/STM32L4xx_HAL_Driver/Src/stm32l4xx_hal_uart_ex.o

.debug_str      0x0000000000000000    0xa2839
 .debug_str     0x0000000000000000    0x9ba38 Core/Src/CircularBuffer.o
                                      0x9bde2 (size before relaxing)
 .debug_str     0x000000000009ba38      0x66f Core/Src/gpio.o
                                      0x99458 (size before relaxing)
 .debug_str     0x000000000009c0a7     0x3ae8 Core/Src/main.o
                                      0x9f9df (size before relaxing)
 .debug_str     0x000000000009fb8f       0x2c Core/Src/stm32l4xx_hal_msp.o
                                      0x99025 (size before relaxing)
 .debug_str     0x000000000009fbbb      0x142 Core/Src/stm32l4xx_it.o
                                      0x993b8 (size before relaxing)
 .debug_str     0x000000000009fcfd      0x51b Core/Src/sysmem.o
                                       0x7af0 (size before relaxing)
 .debug_str     0x00000000000a0218       0xcd Core/Src/system_stm32l4xx.o
                                      0x98f6b (size before relaxing)
 .debug_str     0x00000000000a02e5       0xcc Core/Src/ublox_gps.o
                                      0x9d19c (size before relaxing)
 .debug_str     0x00000000000a03b1       0xcd Core/Src/usart.o
                                      0x99ebb (size before relaxing)
 .debug_str     0x00000000000a047e       0x36 Core/Startup/startup_stm32l412kbux.o
                                         0x72 (size before relaxing)
 .debug_str     0x00000000000a04b4      0x4c5 Drivers/STM32L4xx_HAL_Driver/Src/stm32l4xx_hal.o
                                      0x99809 (size before relaxing)
 .debug_str     0x00000000000a0979      0x388 Drivers/STM32L4xx_HAL_Driver/Src/stm32l4xx_hal_cortex.o
                                      0x99674 (size before relaxing)
 .debug_str     0x00000000000a0d01      0x258 Drivers/STM32L4xx_HAL_Driver/Src/stm32l4xx_hal_dma.o
                                      0x991c2 (size before relaxing)
 .debug_str     0x00000000000a0f59      0x208 Drivers/STM32L4xx_HAL_Driver/Src/stm32l4xx_hal_gpio.o
                                      0x991e5 (size before relaxing)
 .debug_str     0x00000000000a1161      0x4cc Drivers/STM32L4xx_HAL_Driver/Src/stm32l4xx_hal_pwr_ex.o
                                      0x99482 (size before relaxing)
 .debug_str     0x00000000000a162d      0x394 Drivers/STM32L4xx_HAL_Driver/Src/stm32l4xx_hal_rcc.o
                                      0x994f3 (size before relaxing)
 .debug_str     0x00000000000a19c1      0x4b1 Drivers/STM32L4xx_HAL_Driver/Src/stm32l4xx_hal_rcc_ex.o
                                      0x99652 (size before relaxing)
 .debug_str     0x00000000000a1e72      0x842 Drivers/STM32L4xx_HAL_Driver/Src/stm32l4xx_hal_uart.o
                                      0x99b35 (size before relaxing)
 .debug_str     0x00000000000a26b4      0x185 Drivers/STM32L4xx_HAL_Driver/Src/stm32l4xx_hal_uart_ex.o
                                      0x99310 (size before relaxing)

.comment        0x0000000000000000       0x7b
 .comment       0x0000000000000000       0x7b Core/Src/CircularBuffer.o
                                         0x7c (size before relaxing)
 .comment       0x000000000000007b       0x7c Core/Src/gpio.o
 .comment       0x000000000000007b       0x7c Core/Src/main.o
 .comment       0x000000000000007b       0x7c Core/Src/stm32l4xx_hal_msp.o
 .comment       0x000000000000007b       0x7c Core/Src/stm32l4xx_it.o
 .comment       0x000000000000007b       0x7c Core/Src/sysmem.o
 .comment       0x000000000000007b       0x7c Core/Src/system_stm32l4xx.o
 .comment       0x000000000000007b       0x7c Core/Src/ublox_gps.o
 .comment       0x000000000000007b       0x7c Core/Src/usart.o
 .comment       0x000000000000007b       0x7c Drivers/STM32L4xx_HAL_Driver/Src/stm32l4xx_hal.o
 .comment       0x000000000000007b       0x7c Drivers/STM32L4xx_HAL_Driver/Src/stm32l4xx_hal_cortex.o
 .comment       0x000000000000007b       0x7c Drivers/STM32L4xx_HAL_Driver/Src/stm32l4xx_hal_dma.o
 .comment       0x000000000000007b       0x7c Drivers/STM32L4xx_HAL_Driver/Src/stm32l4xx_hal_gpio.o
 .comment       0x000000000000007b       0x7c Drivers/STM32L4xx_HAL_Driver/Src/stm32l4xx_hal_pwr_ex.o
 .comment       0x000000000000007b       0x7c Drivers/STM32L4xx_HAL_Driver/Src/stm32l4xx_hal_rcc.o
 .comment       0x000000000000007b       0x7c Drivers/STM32L4xx_HAL_Driver/Src/stm32l4xx_hal_rcc_ex.o
 .comment       0x000000000000007b       0x7c Drivers/STM32L4xx_HAL_Driver/Src/stm32l4xx_hal_uart.o
 .comment       0x000000000000007b       0x7c Drivers/STM32L4xx_HAL_Driver/Src/stm32l4xx_hal_uart_ex.o

.debug_frame    0x0000000000000000     0x2ad4
 .debug_frame   0x0000000000000000      0x124 Core/Src/CircularBuffer.o
 .debug_frame   0x0000000000000124       0x34 Core/Src/gpio.o
 .debug_frame   0x0000000000000158      0x114 Core/Src/main.o
 .debug_frame   0x000000000000026c       0x38 Core/Src/stm32l4xx_hal_msp.o
 .debug_frame   0x00000000000002a4      0x198 Core/Src/stm32l4xx_it.o
 .debug_frame   0x000000000000043c       0x34 Core/Src/sysmem.o
 .debug_frame   0x0000000000000470       0x58 Core/Src/system_stm32l4xx.o
 .debug_frame   0x00000000000004c8       0x80 Core/Src/ublox_gps.o
 .debug_frame   0x0000000000000548       0x90 Core/Src/usart.o
 .debug_frame   0x00000000000005d8      0x3dc Drivers/STM32L4xx_HAL_Driver/Src/stm32l4xx_hal.o
 .debug_frame   0x00000000000009b4      0x498 Drivers/STM32L4xx_HAL_Driver/Src/stm32l4xx_hal_cortex.o
 .debug_frame   0x0000000000000e4c      0x204 Drivers/STM32L4xx_HAL_Driver/Src/stm32l4xx_hal_dma.o
 .debug_frame   0x0000000000001050      0x14c Drivers/STM32L4xx_HAL_Driver/Src/stm32l4xx_hal_gpio.o
 .debug_frame   0x000000000000119c      0x524 Drivers/STM32L4xx_HAL_Driver/Src/stm32l4xx_hal_pwr_ex.o
 .debug_frame   0x00000000000016c0      0x1f4 Drivers/STM32L4xx_HAL_Driver/Src/stm32l4xx_hal_rcc.o
 .debug_frame   0x00000000000018b4      0x33c Drivers/STM32L4xx_HAL_Driver/Src/stm32l4xx_hal_rcc_ex.o
 .debug_frame   0x0000000000001bf0      0x974 Drivers/STM32L4xx_HAL_Driver/Src/stm32l4xx_hal_uart.o
 .debug_frame   0x0000000000002564      0x170 Drivers/STM32L4xx_HAL_Driver/Src/stm32l4xx_hal_uart_ex.o
 .debug_frame   0x00000000000026d4       0x20 d:/program files/stm32cubeide_1.2.0/stm32cubeide/plugins/com.st.stm32cube.ide.mcu.externaltools.gnu-tools-for-stm32.7-2018-q2-update.win32_1.0.0.201904181610/tools/bin/../lib/gcc/arm-none-eabi/7.3.1/../../../../arm-none-eabi/lib/thumb/v7e-m/fpv4-sp/hard\libc_nano.a(lib_a-errno.o)
 .debug_frame   0x00000000000026f4       0x2c d:/program files/stm32cubeide_1.2.0/stm32cubeide/plugins/com.st.stm32cube.ide.mcu.externaltools.gnu-tools-for-stm32.7-2018-q2-update.win32_1.0.0.201904181610/tools/bin/../lib/gcc/arm-none-eabi/7.3.1/../../../../arm-none-eabi/lib/thumb/v7e-m/fpv4-sp/hard\libc_nano.a(lib_a-init.o)
 .debug_frame   0x0000000000002720       0x20 d:/program files/stm32cubeide_1.2.0/stm32cubeide/plugins/com.st.stm32cube.ide.mcu.externaltools.gnu-tools-for-stm32.7-2018-q2-update.win32_1.0.0.201904181610/tools/bin/../lib/gcc/arm-none-eabi/7.3.1/../../../../arm-none-eabi/lib/thumb/v7e-m/fpv4-sp/hard\libc_nano.a(lib_a-memset.o)
 .debug_frame   0x0000000000002740       0x7c d:/program files/stm32cubeide_1.2.0/stm32cubeide/plugins/com.st.stm32cube.ide.mcu.externaltools.gnu-tools-for-stm32.7-2018-q2-update.win32_1.0.0.201904181610/tools/bin/../lib/gcc/arm-none-eabi/7.3.1/../../../../arm-none-eabi/lib/thumb/v7e-m/fpv4-sp/hard\libc_nano.a(lib_a-snprintf.o)
 .debug_frame   0x00000000000027bc       0x90 d:/program files/stm32cubeide_1.2.0/stm32cubeide/plugins/com.st.stm32cube.ide.mcu.externaltools.gnu-tools-for-stm32.7-2018-q2-update.win32_1.0.0.201904181610/tools/bin/../lib/gcc/arm-none-eabi/7.3.1/../../../../arm-none-eabi/lib/thumb/v7e-m/fpv4-sp/hard\libc_nano.a(lib_a-nano-svfprintf.o)
 .debug_frame   0x000000000000284c       0x60 d:/program files/stm32cubeide_1.2.0/stm32cubeide/plugins/com.st.stm32cube.ide.mcu.externaltools.gnu-tools-for-stm32.7-2018-q2-update.win32_1.0.0.201904181610/tools/bin/../lib/gcc/arm-none-eabi/7.3.1/../../../../arm-none-eabi/lib/thumb/v7e-m/fpv4-sp/hard\libc_nano.a(lib_a-nano-vfprintf_i.o)
 .debug_frame   0x00000000000028ac       0x28 d:/program files/stm32cubeide_1.2.0/stm32cubeide/plugins/com.st.stm32cube.ide.mcu.externaltools.gnu-tools-for-stm32.7-2018-q2-update.win32_1.0.0.201904181610/tools/bin/../lib/gcc/arm-none-eabi/7.3.1/../../../../arm-none-eabi/lib/thumb/v7e-m/fpv4-sp/hard\libc_nano.a(lib_a-memcpy-stub.o)
 .debug_frame   0x00000000000028d4       0x28 d:/program files/stm32cubeide_1.2.0/stm32cubeide/plugins/com.st.stm32cube.ide.mcu.externaltools.gnu-tools-for-stm32.7-2018-q2-update.win32_1.0.0.201904181610/tools/bin/../lib/gcc/arm-none-eabi/7.3.1/../../../../arm-none-eabi/lib/thumb/v7e-m/fpv4-sp/hard\libc_nano.a(lib_a-memmove.o)
 .debug_frame   0x00000000000028fc       0x38 d:/program files/stm32cubeide_1.2.0/stm32cubeide/plugins/com.st.stm32cube.ide.mcu.externaltools.gnu-tools-for-stm32.7-2018-q2-update.win32_1.0.0.201904181610/tools/bin/../lib/gcc/arm-none-eabi/7.3.1/../../../../arm-none-eabi/lib/thumb/v7e-m/fpv4-sp/hard\libc_nano.a(lib_a-nano-freer.o)
 .debug_frame   0x0000000000002934       0x2c d:/program files/stm32cubeide_1.2.0/stm32cubeide/plugins/com.st.stm32cube.ide.mcu.externaltools.gnu-tools-for-stm32.7-2018-q2-update.win32_1.0.0.201904181610/tools/bin/../lib/gcc/arm-none-eabi/7.3.1/../../../../arm-none-eabi/lib/thumb/v7e-m/fpv4-sp/hard\libc_nano.a(lib_a-nano-mallocr.o)
 .debug_frame   0x0000000000002960       0x3c d:/program files/stm32cubeide_1.2.0/stm32cubeide/plugins/com.st.stm32cube.ide.mcu.externaltools.gnu-tools-for-stm32.7-2018-q2-update.win32_1.0.0.201904181610/tools/bin/../lib/gcc/arm-none-eabi/7.3.1/../../../../arm-none-eabi/lib/thumb/v7e-m/fpv4-sp/hard\libc_nano.a(lib_a-nano-reallocr.o)
 .debug_frame   0x000000000000299c       0x2c d:/program files/stm32cubeide_1.2.0/stm32cubeide/plugins/com.st.stm32cube.ide.mcu.externaltools.gnu-tools-for-stm32.7-2018-q2-update.win32_1.0.0.201904181610/tools/bin/../lib/gcc/arm-none-eabi/7.3.1/../../../../arm-none-eabi/lib/thumb/v7e-m/fpv4-sp/hard\libc_nano.a(lib_a-sbrkr.o)
 .debug_frame   0x00000000000029c8       0x30 d:/program files/stm32cubeide_1.2.0/stm32cubeide/plugins/com.st.stm32cube.ide.mcu.externaltools.gnu-tools-for-stm32.7-2018-q2-update.win32_1.0.0.201904181610/tools/bin/../lib/gcc/arm-none-eabi/7.3.1/../../../../arm-none-eabi/lib/thumb/v7e-m/fpv4-sp/hard\libc_nano.a(lib_a-mlock.o)
 .debug_frame   0x00000000000029f8       0x20 d:/program files/stm32cubeide_1.2.0/stm32cubeide/plugins/com.st.stm32cube.ide.mcu.externaltools.gnu-tools-for-stm32.7-2018-q2-update.win32_1.0.0.201904181610/tools/bin/../lib/gcc/arm-none-eabi/7.3.1/../../../../arm-none-eabi/lib/thumb/v7e-m/fpv4-sp/hard\libc_nano.a(lib_a-nano-msizer.o)
 .debug_frame   0x0000000000002a18       0x5c d:/program files/stm32cubeide_1.2.0/stm32cubeide/plugins/com.st.stm32cube.ide.mcu.externaltools.gnu-tools-for-stm32.7-2018-q2-update.win32_1.0.0.201904181610/tools/bin/../lib/gcc/arm-none-eabi/7.3.1/../../../../arm-none-eabi/lib/thumb/v7e-m/fpv4-sp/hard\libc_nano.a(lib_a-reent.o)
 .debug_frame   0x0000000000002a74       0x2c d:/program files/stm32cubeide_1.2.0/stm32cubeide/plugins/com.st.stm32cube.ide.mcu.externaltools.gnu-tools-for-stm32.7-2018-q2-update.win32_1.0.0.201904181610/tools/bin/../lib/gcc/arm-none-eabi/7.3.1/thumb/v7e-m/fpv4-sp/hard\libgcc.a(_aeabi_uldivmod.o)
 .debug_frame   0x0000000000002aa0       0x34 d:/program files/stm32cubeide_1.2.0/stm32cubeide/plugins/com.st.stm32cube.ide.mcu.externaltools.gnu-tools-for-stm32.7-2018-q2-update.win32_1.0.0.201904181610/tools/bin/../lib/gcc/arm-none-eabi/7.3.1/thumb/v7e-m/fpv4-sp/hard\libgcc.a(_udivmoddi4.o)
